 21365.hotload.zt_blocks

 Timestamp is 581bab61 (Thu Nov 03 17:25:53 2016)

 Preferred load address is 10000000

 Start         Length     Name                   Class
 0001:00000000 00000d0fH .text$di                CODE
 0001:00000d10 000a01d8H .text$mn                CODE
 0001:000a0ef0 000000a3H .text$x                 CODE
 0002:00000000 00000288H .idata$5                DATA
 0002:00000288 00000004H .CRT$XCA                DATA
 0002:0000028c 00000154H .CRT$XCU                DATA
 0002:000003e0 00000004H .CRT$XCZ                DATA
 0002:000003e4 00000004H .CRT$XIA                DATA
 0002:000003e8 00000014H .CRT$XIC                DATA
 0002:000003fc 00000004H .CRT$XIZ                DATA
 0002:00000400 00000004H .CRT$XPA                DATA
 0002:00000404 00000008H .CRT$XPX                DATA
 0002:0000040c 00000004H .CRT$XPXA               DATA
 0002:00000410 00000004H .CRT$XPZ                DATA
 0002:00000414 00000004H .CRT$XTA                DATA
 0002:00000418 00000004H .CRT$XTZ                DATA
 0002:00000420 00046e80H .rdata                  DATA
 0002:000472a0 00000078H .rdata$debug            DATA
 0002:00047318 000000dcH .rdata$r                DATA
 0002:00047400 00000024H .rdata$sxdata           DATA
 0002:00047424 00000004H .rtc$IAA                DATA
 0002:00047428 00000004H .rtc$IZZ                DATA
 0002:0004742c 00000004H .rtc$TAA                DATA
 0002:00047430 00000004H .rtc$TZZ                DATA
 0002:00047438 000008a4H .xdata$x                DATA
 0002:00047ce0 0000015dH .edata                  DATA
 0002:00047e40 00000064H .idata$2                DATA
 0002:00047ea4 00000014H .idata$3                DATA
 0002:00047eb8 00000288H .idata$4                DATA
 0002:00048140 00000b1cH .idata$6                DATA
 0003:00000000 000032e0H .data                   DATA
 0003:000032e0 00000054H .data$r                 DATA
 0003:00003340 00122f8cH .bss                    DATA

  Address         Publics by Value              Rva+Base       Lib:Object

 0000:00000000       __except_list              00000000     <absolute>
 0000:00000000       ___guard_flags             00000000     <absolute>
 0000:00000000       ___guard_fids_table        00000000     <absolute>
 0000:00000000       ___guard_fids_count        00000000     <absolute>
 0000:00000009       ___safe_se_handler_count   00000009     <absolute>
 0000:00000000       ___ImageBase               10000000     <linker-defined>
 0001:00000d20       ?rotateEuler@ztMat4@@QAEXABUztVec3@@@Z 10001d20 f   unity_dll.obj
 0001:00000d60       ?rotateEuler@ztMat4@@QAEXMMM@Z 10001d60 f   unity_dll.obj
 0001:00001130       ?getRotateEuler@ztMat4@@QBE?AU1@ABUztVec3@@@Z 10002130 f   unity_dll.obj
 0001:00001170       ?getRotateEuler@ztMat4@@QBE?AU1@MMM@Z 10002170 f   unity_dll.obj
 0001:000011d0       ?multiply@ztMat4@@QAEXABU1@@Z 100021d0 f   unity_dll.obj
 0001:00001b30       ?getMultiply@ztMat4@@QBE?AU1@ABU1@@Z 10002b30 f   unity_dll.obj
 0001:00001b70       ?getMultiply@ztMat4@@QBE?AUztVec3@@ABU2@@Z 10002b70 f   unity_dll.obj
 0001:00001cc0       ?transpose@ztMat4@@QAEXXZ  10002cc0 f   unity_dll.obj
 0001:00001e80       ?getTranspose@ztMat4@@QBE?AU1@XZ 10002e80 f   unity_dll.obj
 0001:00001ec0       ?inverse@ztMat4@@QAEXXZ    10002ec0 f   unity_dll.obj
 0001:00003240       ?getInverse@ztMat4@@QBE?AU1@XZ 10004240 f   unity_dll.obj
 0001:00003280       ?lookAt@ztMat4@@QAEXUztVec3@@00@Z 10004280 f   unity_dll.obj
 0001:000034e0       ?getLookAt@ztMat4@@QBE?AU1@UztVec3@@00@Z 100044e0 f   unity_dll.obj
 0001:00003560       ?extract@ztMat4@@QAEXPAUztVec3@@00@Z 10004560 f   unity_dll.obj
 0001:00003890       ??XztMat4@@QAEAAU0@ABU0@@Z 10004890 f   unity_dll.obj
 0001:000038b0       ?makeOrthoProjection@ztMat4@@SA?AU1@MMMMMM@Z 100048b0 f   unity_dll.obj
 0001:00003a60       ?makePerspectiveProjection@ztMat4@@SA?AU1@MMMMM@Z 10004a60 f   unity_dll.obj
 0001:00003c60       ?makeFromMat4@ztQuat@@SA?AU1@ABUztMat4@@@Z 10004c60 f   unity_dll.obj
 0001:000040d0       ?zt_sin@@YAMM@Z            100050d0 f   unity_dll.obj
 0001:000040f0       ?zt_asin@@YAMM@Z           100050f0 f   unity_dll.obj
 0001:00004110       ?zt_cos@@YAMM@Z            10005110 f   unity_dll.obj
 0001:00004130       ?zt_acos@@YAMM@Z           10005130 f   unity_dll.obj
 0001:00004150       ?zt_tan@@YAMM@Z            10005150 f   unity_dll.obj
 0001:00004170       ?zt_atan2@@YAMMM@Z         10005170 f   unity_dll.obj
 0001:000041a0       ?zt_sqrt@@YAMM@Z           100051a0 f   unity_dll.obj
 0001:000041c0       ?zt_pow@@YAMMM@Z           100051c0 f   unity_dll.obj
 0001:000041f0       ?zt_registerFunctionPointer@@YAHPBDPAX@Z 100051f0 f   unity_dll.obj
 0001:000042b0       ?zt_functionPointer@@YAPAXH@Z 100052b0 f   unity_dll.obj
 0001:00004340       ?zt_logMessage@@YAXW4ztLogMessageLevel_Enum@@PBDZZ 10005340 f   unity_dll.obj
 0001:000043a0       ?zt_logVerbose@@YAXPBDZZ   100053a0 f   unity_dll.obj
 0001:00004400       ?zt_logDebug@@YAXPBDZZ     10005400 f   unity_dll.obj
 0001:00004460       ?zt_logInfo@@YAXPBDZZ      10005460 f   unity_dll.obj
 0001:000044c0       ?zt_logCritical@@YAXPBDZZ  100054c0 f   unity_dll.obj
 0001:00004520       ?zt_logFatal@@YAXPBDZZ     10005520 f   unity_dll.obj
 0001:00004580       ?zt_logAddCallback@@YAXP6AXW4ztLogMessageLevel_Enum@@PBD@Z0@Z 10005580 f   unity_dll.obj
 0001:000045f0       ?zt_logRemoveCallback@@YAXP6AXW4ztLogMessageLevel_Enum@@PBD@Z@Z 100055f0 f   unity_dll.obj
 0001:000046b0       ?zt_memSet@@YAXPAXHE@Z     100056b0 f   unity_dll.obj
 0001:000046f0       ?zt_memCpy@@YAXPAXHPBXH@Z  100056f0 f   unity_dll.obj
 0001:00004820       ?zt_memCmp@@YAHPBX0H@Z     10005820 f   unity_dll.obj
 0001:00004890       ?zt_memMakeArena@@YAPAUztMemoryArena@@HPAU1@@Z 10005890 f   unity_dll.obj
 0001:00004960       ?zt_memFreeArena@@YAXPAUztMemoryArena@@@Z 10005960 f   unity_dll.obj
 0001:000049b0       ?zt_memAllocFromArena@@YAPAXPAUztMemoryArena@@H@Z 100059b0 f   unity_dll.obj
 0001:00004e40       ?zt_memAllocFromArena@@YAPAXPAUztMemoryArena@@HPBDH@Z 10005e40 f   unity_dll.obj
 0001:00004e90       ?zt_memRealloc@@YAPAXPAUztMemoryArena@@PAXH@Z 10005e90 f   unity_dll.obj
 0001:00005060       ?zt_memFree@@YAXPAUztMemoryArena@@PAX@Z 10006060 f   unity_dll.obj
 0001:000052f0       ?zt_memArenaClearAllocations@@YAXPAUztMemoryArena@@_N@Z 100062f0 f   unity_dll.obj
 0001:00005350       ?zt_memDumpArena@@YAXPAUztMemoryArena@@PBDW4ztLogMessageLevel_Enum@@@Z 10006350 f   unity_dll.obj
 0001:000054d0       ?zt_memDumpArenaDiagnostics@@YAXPAUztMemoryArena@@PBDW4ztLogMessageLevel_Enum@@@Z 100064d0 f   unity_dll.obj
 0001:00005530       ?zt_memArenaValidate@@YA_NPAUztMemoryArena@@@Z 10006530 f   unity_dll.obj
 0001:000055d0       ?zt_memPushGlobalArena@@YA_NPAUztMemoryArena@@@Z 100065d0 f   unity_dll.obj
 0001:00005650       ?zt_memPopGlobalArena@@YAXXZ 10006650 f   unity_dll.obj
 0001:000056a0       ?zt_memGetGlobalArena@@YAPAUztMemoryArena@@XZ 100066a0 f   unity_dll.obj
 0001:000056d0       ?zt_memSetDefaultMallocFree@@YAXP6APAXI@ZP6AXPAX@Z@Z 100066d0 f   unity_dll.obj
 0001:00005700       ?zt_memAllocGlobalFull@@YAPAXHPBDH@Z 10006700 f   unity_dll.obj
 0001:00005750       ?zt_memFreeGlobal@@YAXPAX@Z 10006750 f   unity_dll.obj
 0001:00005790       ?zt_strValid@@YA_NPBDPAPBD@Z 10006790 f   unity_dll.obj
 0001:00005a60       ?zt_strCodepoint@@YAPBDPBDPAH@Z 10006a60 f   unity_dll.obj
 0001:00005bd0       ?zt_strCodepoint@@YAHPBDH@Z 10006bd0 f   unity_dll.obj
 0001:00005c10       ?zt_strEquals@@YA_NPBD0_N@Z 10006c10 f   unity_dll.obj
 0001:00005c80       ?zt_strLen@@YAHPBD@Z       10006c80 f   unity_dll.obj
 0001:00005d20       ?zt_strSize@@YAHPBD@Z      10006d20 f   unity_dll.obj
 0001:00005d60       ?zt_strMoveForward@@YAPBDPBDH@Z 10006d60 f   unity_dll.obj
 0001:00005e10       ?zt_strCmp@@YAHPBD0@Z      10006e10 f   unity_dll.obj
 0001:00005f00       ?zt_striCmp@@YAHPBD0@Z     10006f00 f   unity_dll.obj
 0001:00006030       ?zt_strCpy@@YAHPADHPBD@Z   10007030 f   unity_dll.obj
 0001:00006060       ?zt_strCpy@@YAHPADHPBDH@Z  10007060 f   unity_dll.obj
 0001:00006100       ?zt_strToInt@@YAHPBDHPA_N@Z 10007100 f   unity_dll.obj
 0001:00006130       ?zt_strToInt@@YAHPBDHHPA_N@Z 10007130 f   unity_dll.obj
 0001:00006300       ?zt_strToIntHex@@YAIPBDIPA_N@Z 10007300 f   unity_dll.obj
 0001:00006330       ?zt_strToIntHex@@YAIPBDHIPA_N@Z 10007330 f   unity_dll.obj
 0001:00006560       ?zt_strToReal32@@YAMPBDMPA_N@Z 10007560 f   unity_dll.obj
 0001:00006590       ?zt_strToReal32@@YAMPBDHMPA_N@Z 10007590 f   unity_dll.obj
 0001:000066c0       ?zt_strToReal64@@YANPBDNPA_N@Z 100076c0 f   unity_dll.obj
 0001:000066f0       ?zt_strToReal64@@YANPBDHNPA_N@Z 100076f0 f   unity_dll.obj
 0001:00006830       ?zt_strHash@@YAIPBD@Z      10007830 f   unity_dll.obj
 0001:00006970       ?zt_strFind@@YAPBDPBD0@Z   10007970 f   unity_dll.obj
 0001:000069a0       ?zt_strFind@@YAPBDPBDH0@Z  100079a0 f   unity_dll.obj
 0001:00006a70       ?zt_strFindPos@@YAHPBD0H@Z 10007a70 f   unity_dll.obj
 0001:00006aa0       ?zt_strFindPos@@YAHPBDH0H@Z 10007aa0 f   unity_dll.obj
 0001:00006ba0       ?zt_strFindLast@@YAPBDPBD0@Z 10007ba0 f   unity_dll.obj
 0001:00006bd0       ?zt_strFindLast@@YAPBDPBDH0@Z 10007bd0 f   unity_dll.obj
 0001:00006c60       ?zt_strFindLastPos@@YAHPBD0H@Z 10007c60 f   unity_dll.obj
 0001:00006c90       ?zt_strFindLastPos@@YAHPBDH0H@Z 10007c90 f   unity_dll.obj
 0001:00006d60       ?zt_striFind@@YAPBDPBD0@Z  10007d60 f   unity_dll.obj
 0001:00006d90       ?zt_striFind@@YAPBDPBDH0@Z 10007d90 f   unity_dll.obj
 0001:00006ec0       ?zt_striFindPos@@YAHPBD0H@Z 10007ec0 f   unity_dll.obj
 0001:00006ef0       ?zt_striFindPos@@YAHPBDH0H@Z 10007ef0 f   unity_dll.obj
 0001:00007050       ?zt_striFindLast@@YAPBDPBD0@Z 10008050 f   unity_dll.obj
 0001:00007080       ?zt_striFindLast@@YAPBDPBDH0@Z 10008080 f   unity_dll.obj
 0001:00007110       ?zt_striFindLastPos@@YAHPBD0H@Z 10008110 f   unity_dll.obj
 0001:00007140       ?zt_striFindLastPos@@YAHPBDH0H@Z 10008140 f   unity_dll.obj
 0001:00007270       ?zt_strCount@@YAHPBD0@Z    10008270 f   unity_dll.obj
 0001:000072a0       ?zt_strCount@@YAHPBDH0@Z   100082a0 f   unity_dll.obj
 0001:00007300       ?zt_striCount@@YAHPBD0@Z   10008300 f   unity_dll.obj
 0001:00007330       ?zt_striCount@@YAHPBDH0@Z  10008330 f   unity_dll.obj
 0001:00007390       ?zt_strStartsWith@@YA_NPBD0@Z 10008390 f   unity_dll.obj
 0001:000073c0       ?zt_strStartsWith@@YA_NPBDH0H@Z 100083c0 f   unity_dll.obj
 0001:00007430       ?zt_strEndsWith@@YA_NPBD0@Z 10008430 f   unity_dll.obj
 0001:00007460       ?zt_strEndsWith@@YA_NPBDH0H@Z 10008460 f   unity_dll.obj
 0001:000074e0       ?zt_striStartsWith@@YA_NPBD0@Z 100084e0 f   unity_dll.obj
 0001:00007510       ?zt_striStartsWith@@YA_NPBDH0H@Z 10008510 f   unity_dll.obj
 0001:000075f0       ?zt_striEndsWith@@YA_NPBD0@Z 100085f0 f   unity_dll.obj
 0001:00007620       ?zt_striEndsWith@@YA_NPBDH0H@Z 10008620 f   unity_dll.obj
 0001:00007710       ?zt_strJumpToNextToken@@YAPBDPBD@Z 10008710 f   unity_dll.obj
 0001:00007730       ?zt_strJumpToNextToken@@YAPBDPBDH@Z 10008730 f   unity_dll.obj
 0001:000077c0       ?zt_strGetNextTokenPos@@YAHPBD@Z 100087c0 f   unity_dll.obj
 0001:000077e0       ?zt_strGetNextTokenPos@@YAHPBDH@Z 100087e0 f   unity_dll.obj
 0001:00007860       ?zt_strJumpToNextLine@@YAPBDPBD@Z 10008860 f   unity_dll.obj
 0001:00007880       ?zt_strJumpToNextLine@@YAPBDPBDH@Z 10008880 f   unity_dll.obj
 0001:000078e0       ?zt_strGetNextLinePos@@YAHPBD@Z 100088e0 f   unity_dll.obj
 0001:00007900       ?zt_strGetNextLinePos@@YAHPBDH@Z 10008900 f   unity_dll.obj
 0001:00007960       ?zt_strGetBetween@@YAHPADHPBD11HH@Z 10008960 f   unity_dll.obj
 0001:000079a0       ?zt_strGetBetween@@YAHPADHPBDH11HH@Z 100089a0 f   unity_dll.obj
 0001:00007ab0       ?zt_strTokenize@@YAHPBD0PAUztToken@@HH@Z 10008ab0 f   unity_dll.obj
 0001:00007ae0       ?zt_strTokenize@@YAHPBDH0PAUztToken@@HH@Z 10008ae0 f   unity_dll.obj
 0001:00007fa0       ?zt_strPrintf@@YAHPADHPBDZZ 10008fa0 f   unity_dll.obj
 0001:00007fd0       ?zt_strBytesToString@@YAHPADHH@Z 10008fd0 f   unity_dll.obj
 0001:000080a0       ?zt_strNumberToString@@YAHPADH_J@Z 100090a0 f   unity_dll.obj
 0001:00008210       ?zt_strConvertToUTF16@@YAHPBDHPAGH@Z 10009210 f   unity_dll.obj
 0001:000082b0       ?zt_stringMake@@YAPADHPAUztMemoryArena@@@Z 100092b0 f   unity_dll.obj
 0001:00008300       ?zt_stringResize@@YAPADPADHPAUztMemoryArena@@@Z 10009300 f   unity_dll.obj
 0001:00008360       ?zt_stringMakeFrom@@YAPADPBDPAUztMemoryArena@@@Z 10009360 f   unity_dll.obj
 0001:000083b0       ?zt_stringOverwrite@@YAPADPADPBDPAUztMemoryArena@@@Z 100093b0 f   unity_dll.obj
 0001:00008410       ?zt_stringFree@@YAXPADPAUztMemoryArena@@@Z 10009410 f   unity_dll.obj
 0001:00008440       ?zt_stringSize@@YAHPAD@Z   10009440 f   unity_dll.obj
 0001:00008460       ?zt_fileOpen@@YA_NPAUztFile@@PBDW4ztFileOpenMethod_Enum@@PAUztMemoryArena@@@Z 10009460 f   unity_dll.obj
 0001:00008670       ?zt_fileClose@@YAXPAUztFile@@@Z 10009670 f   unity_dll.obj
 0001:000086f0       ?zt_fileGetReadPos@@YAHPAUztFile@@@Z 100096f0 f   unity_dll.obj
 0001:00008730       ?zt_fileSetReadPos@@YA_NPAUztFile@@H@Z 10009730 f   unity_dll.obj
 0001:000087c0       ?zt_fileGetFullPath@@YAHPAUztFile@@PADH@Z 100097c0 f   unity_dll.obj
 0001:00008810       ?zt_fileGetFileName@@YAHPAUztFile@@PADH@Z 10009810 f   unity_dll.obj
 0001:00008860       ?zt_fileGetFileExt@@YAHPAUztFile@@PADH@Z 10009860 f   unity_dll.obj
 0001:000088b0       ?zt_fileGetFullPath@@YAHPBDPADH@Z 100098b0 f   unity_dll.obj
 0001:00008940       ?zt_fileGetFileName@@YAHPBDPADH@Z 10009940 f   unity_dll.obj
 0001:000089f0       ?zt_fileGetFileExt@@YAHPBDPADH@Z 100099f0 f   unity_dll.obj
 0001:00008a60       ?zt_fileGetAppBin@@YAHPADH@Z 10009a60 f   unity_dll.obj
 0001:00008ad0       ?zt_fileGetAppPath@@YAHPADH@Z 10009ad0 f   unity_dll.obj
 0001:00008b70       ?zt_fileGetUserPath@@YAHPADH0@Z 10009b70 f   unity_dll.obj
 0001:00008cb0       ?zt_fileGetCurrentPath@@YAHPADH@Z 10009cb0 f   unity_dll.obj
 0001:00008cf0       ?zt_fileSetCurrentPath@@YAXPBD@Z 10009cf0 f   unity_dll.obj
 0001:00008d00       ?zt_fileGetFileInOtherFileDirectory@@YAHPADH00@Z 10009d00 f   unity_dll.obj
 0001:00008df0       ?zt_fileConcatFileToPath@@YAHPADHPBD1@Z 10009df0 f   unity_dll.obj
 0001:00008f90       ?zt_fileExists@@YA_NPBD@Z  10009f90 f   unity_dll.obj
 0001:00008ff0       ?zt_fileDelete@@YA_NPBD@Z  10009ff0 f   unity_dll.obj
 0001:00009030       ?zt_fileCopy@@YA_NPBD0@Z   1000a030 f   unity_dll.obj
 0001:00009070       ?zt_fileRename@@YA_NPBD0@Z 1000a070 f   unity_dll.obj
 0001:000090b0       ?zt_fileSize@@YAHPBD@Z     1000a0b0 f   unity_dll.obj
 0001:00009130       ?zt_fileModified@@YA_NPBDPAH111111@Z 1000a130 f   unity_dll.obj
 0001:00009250       ?zt_fileModified@@YA_NPBDPA_J@Z 1000a250 f   unity_dll.obj
 0001:00009330       ?zt_fileRead@@YAHPAUztFile@@PAXH@Z 1000a330 f   unity_dll.obj
 0001:000093f0       ?zt_fileWrite@@YAHPAUztFile@@PBXH@Z 1000a3f0 f   unity_dll.obj
 0001:000094c0       ?zt_fileWritef@@YA_NPAUztFile@@PBDZZ 1000a4c0 f   unity_dll.obj
 0001:00009530       ?zt_fileFlush@@YAXPAUztFile@@@Z 1000a530 f   unity_dll.obj
 0001:00009570       ?zt_readEntireFile@@YAPAXPBDPAH_NPAUztMemoryArena@@@Z 1000a570 f   unity_dll.obj
 0001:00009720       ?zt_readEntireFile@@YAHPBDPAXH_N@Z 1000a720 f   unity_dll.obj
 0001:000098b0       ?zt_writeEntireFile@@YAHPBDPAXHPAUztMemoryArena@@@Z 1000a8b0 f   unity_dll.obj
 0001:00009980       ?zt_directoryExists@@YA_NPBD@Z 1000a980 f   unity_dll.obj
 0001:000099c0       ?zt_directoryMake@@YA_NPBD@Z 1000a9c0 f   unity_dll.obj
 0001:000099f0       ?zt_directoryDelete@@YA_NPBD_N@Z 1000a9f0 f   unity_dll.obj
 0001:00009c00       ?zt_getDirectorySubs@@YAHPBDPADH_N@Z 1000ac00 f   unity_dll.obj
 0001:00009f40       ?zt_getDirectoryFiles@@YAHPBDPADH_N@Z 1000af40 f   unity_dll.obj
 0001:0000a290       ?zt_directoryMonitor@@YA_NPAUztDirectoryMonitor@@PBD_NH@Z 1000b290 f   unity_dll.obj
 0001:0000a4b0       ?zt_directoryStopMonitor@@YAXPAUztDirectoryMonitor@@@Z 1000b4b0 f   unity_dll.obj
 0001:0000a520       ?zt_directoryMonitorHasChanged@@YA_NPAUztDirectoryMonitor@@@Z 1000b520 f   unity_dll.obj
 0001:0000a650       ?zt_serialMakeWriter@@YA_NPAUztSerial@@PBD1H@Z 1000b650 f   unity_dll.obj
 0001:0000a730       ?zt_serialMakeWriter@@YA_NPAUztSerial@@PAUztFile@@PBDH@Z 1000b730 f   unity_dll.obj
 0001:0000a830       ?zt_serialMakeReader@@YA_NPAUztSerial@@PBD1@Z 1000b830 f   unity_dll.obj
 0001:0000a910       ?zt_serialMakeReader@@YA_NPAUztSerial@@PAXHPBD@Z 1000b910 f   unity_dll.obj
 0001:0000a9e0       ?zt_serialMakeReader@@YA_NPAUztSerial@@PAUztFile@@PBD@Z 1000b9e0 f   unity_dll.obj
 0001:0000aad0       ?zt_serialClose@@YAXPAUztSerial@@@Z 1000bad0 f   unity_dll.obj
 0001:0000aba0       ?zt_serialGroupPush@@YA_NPAUztSerial@@@Z 1000bba0 f   unity_dll.obj
 0001:0000ae50       ?zt_serialGroupPop@@YA_NPAUztSerial@@@Z 1000be50 f   unity_dll.obj
 0001:0000b180       ?zt_serialWrite@@YA_NPAUztSerial@@C@Z 1000c180 f   unity_dll.obj
 0001:0000b1a0       ?zt_serialWrite@@YA_NPAUztSerial@@F@Z 1000c1a0 f   unity_dll.obj
 0001:0000b1c0       ?zt_serialWrite@@YA_NPAUztSerial@@H@Z 1000c1c0 f   unity_dll.obj
 0001:0000b1e0       ?zt_serialWrite@@YA_NPAUztSerial@@_J@Z 1000c1e0 f   unity_dll.obj
 0001:0000b200       ?zt_serialWrite@@YA_NPAUztSerial@@E@Z 1000c200 f   unity_dll.obj
 0001:0000b220       ?zt_serialWrite@@YA_NPAUztSerial@@G@Z 1000c220 f   unity_dll.obj
 0001:0000b240       ?zt_serialWrite@@YA_NPAUztSerial@@I@Z 1000c240 f   unity_dll.obj
 0001:0000b260       ?zt_serialWrite@@YA_NPAUztSerial@@_K@Z 1000c260 f   unity_dll.obj
 0001:0000b280       ?zt_serialWrite@@YA_NPAUztSerial@@M@Z 1000c280 f   unity_dll.obj
 0001:0000b2a0       ?zt_serialWrite@@YA_NPAUztSerial@@N@Z 1000c2a0 f   unity_dll.obj
 0001:0000b2c0       ?zt_serialWrite@@YA_NPAUztSerial@@_N@Z 1000c2c0 f   unity_dll.obj
 0001:0000b300       ?zt_serialWrite@@YA_NPAUztSerial@@PBDH@Z 1000c300 f   unity_dll.obj
 0001:0000b3b0       ?zt_serialWrite@@YA_NPAUztSerial@@PAXH@Z 1000c3b0 f   unity_dll.obj
 0001:0000b470       ?zt_serialRead@@YA_NPAUztSerial@@PAC@Z 1000c470 f   unity_dll.obj
 0001:0000b490       ?zt_serialRead@@YA_NPAUztSerial@@PAF@Z 1000c490 f   unity_dll.obj
 0001:0000b4b0       ?zt_serialRead@@YA_NPAUztSerial@@PAH@Z 1000c4b0 f   unity_dll.obj
 0001:0000b4d0       ?zt_serialRead@@YA_NPAUztSerial@@PA_J@Z 1000c4d0 f   unity_dll.obj
 0001:0000b4f0       ?zt_serialRead@@YA_NPAUztSerial@@PAE@Z 1000c4f0 f   unity_dll.obj
 0001:0000b510       ?zt_serialRead@@YA_NPAUztSerial@@PAG@Z 1000c510 f   unity_dll.obj
 0001:0000b530       ?zt_serialRead@@YA_NPAUztSerial@@PAI@Z 1000c530 f   unity_dll.obj
 0001:0000b550       ?zt_serialRead@@YA_NPAUztSerial@@PA_K@Z 1000c550 f   unity_dll.obj
 0001:0000b570       ?zt_serialRead@@YA_NPAUztSerial@@PAM@Z 1000c570 f   unity_dll.obj
 0001:0000b590       ?zt_serialRead@@YA_NPAUztSerial@@PAN@Z 1000c590 f   unity_dll.obj
 0001:0000b5b0       ?zt_serialRead@@YA_NPAUztSerial@@PA_N@Z 1000c5b0 f   unity_dll.obj
 0001:0000b600       ?zt_serialRead@@YA_NPAUztSerial@@PADHPAH@Z 1000c600 f   unity_dll.obj
 0001:0000b760       ?zt_serialRead@@YA_NPAUztSerial@@PAXHPAH@Z 1000c760 f   unity_dll.obj
 0001:0000b8b0       ?zt_randomInit@@YAXPAUztRandom@@H@Z 1000c8b0 f   unity_dll.obj
 0001:0000b900       ?zt_randomInt@@YAHPAUztRandom@@HH@Z 1000c900 f   unity_dll.obj
 0001:0000baa0       ?zt_randomVal@@YAMPAUztRandom@@@Z 1000caa0 f   unity_dll.obj
 0001:0000bad0       ?zt_randomVal@@YAMPAUztRandom@@MM@Z 1000cad0 f   unity_dll.obj
 0001:0000bb10       ?zt_iniFileGetValue@@YAHPBD000PADH@Z 1000cb10 f   unity_dll.obj
 0001:0000bb40       ?zt_iniFileGetValue@@YAHPBD00H@Z 1000cb40 f   unity_dll.obj
 0001:0000bc40       ?zt_iniFileGetValue@@YAMPBD00M@Z 1000cc40 f   unity_dll.obj
 0001:0000bd20       ?zt_iniFileSetValue@@YA_NPBD000@Z 1000cd20 f   unity_dll.obj
 0001:0000bd60       ?zt_cmdHasArg@@YA_NPAPBDHPBD1@Z 1000cd60 f   unity_dll.obj
 0001:0000be20       ?zt_cmdGetArg@@YA_NPAPBDHPBD1PADH@Z 1000ce20 f   unity_dll.obj
 0001:0000bfa0       ?zt_processRun@@YAHPBD@Z   1000cfa0 f   unity_dll.obj
 0001:0000bfc0       ?zt_processRun@@YAHPBDPADHPAH@Z 1000cfc0 f   unity_dll.obj
 0001:0000c2d0       ?zt_getTime@@YANXZ         1000d2d0 f   unity_dll.obj
 0001:0000c350       ?zt_sleep@@YAXM@Z          1000d350 f   unity_dll.obj
 0001:0000c380       ?zt_getDate@@YAXPAH00000@Z 1000d380 f   unity_dll.obj
 0001:0000c420       ?zt_getDate@@YA?AUztDate@@XZ 1000d420 f   unity_dll.obj
 0001:0000c490       ??M@YA_NAAUztDate@@0@Z     1000d490 f   unity_dll.obj
 0001:0000c580       ??O@YA_NAAUztDate@@0@Z     1000d580 f   unity_dll.obj
 0001:0000c5d0       ??8@YA_NAAUztDate@@0@Z     1000d5d0 f   unity_dll.obj
 0001:0000c640       ??9@YA_NAAUztDate@@0@Z     1000d640 f   unity_dll.obj
 0001:0000c680       ?ztgl_contextMake@@YAPAUztContextGL@@PAXHHHH@Z 1000d680 f   unity_dll.obj
 0001:0000c6b0       ?ztgl_contextMake@@YAPAUztContextGL@@PAUztMemoryArena@@PAXHHHH@Z 1000d6b0 f   unity_dll.obj
 0001:0000c6e0       ?ztgl_contextFree@@YAXPAUztContextGL@@@Z 1000d6e0 f   unity_dll.obj
 0001:0000c720       ?ztgl_contextDisplay@@YAXPAUztContextGL@@@Z 1000d720 f   unity_dll.obj
 0001:0000c740       ?ztgl_contextGetSize@@YA?AUztPoint2@@PAUztContextGL@@@Z 1000d740 f   unity_dll.obj
 0001:0000c790       ?ztgl_contextSetSize@@YA_NPAUztContextGL@@HH@Z 1000d790 f   unity_dll.obj
 0001:0000c7b0       ?ztgl_contextIsFullscreen@@YA_NPAUztContextGL@@@Z 1000d7b0 f   unity_dll.obj
 0001:0000c800       ?ztgl_contextToggleFullscreen@@YA_NPAUztContextGL@@_N@Z 1000d800 f   unity_dll.obj
 0001:0000c840       ?ztgl_setViewport@@YA_NHH@Z 1000d840 f   unity_dll.obj
 0001:0000c880       ?ztgl_setViewport@@YA_NPAUztContextGL@@@Z 1000d880 f   unity_dll.obj
 0001:0000c8a0       ?ztgl_cullFront@@YAXXZ     1000d8a0 f   unity_dll.obj
 0001:0000c8c0       ?ztgl_cullBack@@YAXXZ      1000d8c0 f   unity_dll.obj
 0001:0000c8e0       ?ztgl_cullNone@@YAXXZ      1000d8e0 f   unity_dll.obj
 0001:0000c8f0       ?ztgl_depthTestOff@@YAXXZ  1000d8f0 f   unity_dll.obj
 0001:0000c900       ?ztgl_depthTestNever@@YAXXZ 1000d900 f   unity_dll.obj
 0001:0000c920       ?ztgl_depthTestLess@@YAXXZ 1000d920 f   unity_dll.obj
 0001:0000c940       ?ztgl_depthTestLessEqual@@YAXXZ 1000d940 f   unity_dll.obj
 0001:0000c960       ?ztgl_depthTestEqual@@YAXXZ 1000d960 f   unity_dll.obj
 0001:0000c980       ?ztgl_depthTestGreater@@YAXXZ 1000d980 f   unity_dll.obj
 0001:0000c9a0       ?ztgl_depthTestNotEqual@@YAXXZ 1000d9a0 f   unity_dll.obj
 0001:0000c9c0       ?ztgl_depthTestGreaterEqual@@YAXXZ 1000d9c0 f   unity_dll.obj
 0001:0000c9e0       ?ztgl_depthTestAlways@@YAXXZ 1000d9e0 f   unity_dll.obj
 0001:0000ca00       ?ztgl_checkAndReportError@@YA_NPBD@Z 1000da00 f   unity_dll.obj
 0001:0000ca70       ?ztgl_clearErrors@@YAHXZ   1000da70 f   unity_dll.obj
 0001:0000cab0       ?ztgl_shaderMake@@YAPAUztShaderGL@@PBD00@Z 1000dab0 f   unity_dll.obj
 0001:0000cad0       ?ztgl_shaderMake@@YAPAUztShaderGL@@PAUztMemoryArena@@PBD11@Z 1000dad0 f   unity_dll.obj
 0001:0000ce40       ?ztgl_shaderFree@@YAXPAUztShaderGL@@@Z 1000de40 f   unity_dll.obj
 0001:0000cf70       ?ztgl_shaderBegin@@YAXPAUztShaderGL@@@Z 1000df70 f   unity_dll.obj
 0001:0000cfc0       ?ztgl_shaderEnd@@YAXPAUztShaderGL@@@Z 1000dfc0 f   unity_dll.obj
 0001:0000d010       ?ztgl_shaderHasVariable@@YA_NPAUztShaderGL@@I@Z 1000e010 f   unity_dll.obj
 0001:0000d080       ?ztgl_shaderVariableFloat@@YAXPAUztShaderGL@@IM@Z 1000e080 f   unity_dll.obj
 0001:0000d0c0       ?ztgl_shaderVariableInt@@YAXPAUztShaderGL@@IH@Z 1000e0c0 f   unity_dll.obj
 0001:0000d0f0       ?ztgl_shaderVariableVec2@@YAXPAUztShaderGL@@IQAM@Z 1000e0f0 f   unity_dll.obj
 0001:0000d130       ?ztgl_shaderVariableVec3@@YAXPAUztShaderGL@@IQAM@Z 1000e130 f   unity_dll.obj
 0001:0000d170       ?ztgl_shaderVariableVec4@@YAXPAUztShaderGL@@IQAM@Z 1000e170 f   unity_dll.obj
 0001:0000d1b0       ?ztgl_shaderVariableMat4@@YAXPAUztShaderGL@@IQAM@Z 1000e1b0 f   unity_dll.obj
 0001:0000d1f0       ?ztgl_shaderVariableMat3@@YAXPAUztShaderGL@@IQAM@Z 1000e1f0 f   unity_dll.obj
 0001:0000d230       ?ztgl_shaderVariableTex@@YAXPAUztShaderGL@@IPAUztTextureGL@@@Z 1000e230 f   unity_dll.obj
 0001:0000d290       ?ztgl_textureMakeFromPixelData@@YAPAUztTextureGL@@PAEHHHH@Z 1000e290 f   unity_dll.obj
 0001:0000d2c0       ?ztgl_textureMakeFromPixelData@@YAPAUztTextureGL@@PAUztMemoryArena@@PAEHHHH@Z 1000e2c0 f   unity_dll.obj
 0001:0000d2f0       ?ztgl_textureMakeCubeMapFromPixelData@@YAPAUztTextureGL@@PAPAEHHH@Z 1000e2f0 f   unity_dll.obj
 0001:0000d320       ?ztgl_textureMakeCubeMapFromPixelData@@YAPAUztTextureGL@@PAUztMemoryArena@@PAPAEHHH@Z 1000e320 f   unity_dll.obj
 0001:0000d3e0       ?ztgl_textureMakeRenderTarget@@YAPAUztTextureGL@@HHH@Z 1000e3e0 f   unity_dll.obj
 0001:0000d400       ?ztgl_textureMakeRenderTarget@@YAPAUztTextureGL@@PAUztMemoryArena@@HHH@Z 1000e400 f   unity_dll.obj
 0001:0000d430       ?ztgl_textureMakeDepthRenderTarget@@YAPAUztTextureGL@@HH@Z 1000e430 f   unity_dll.obj
 0001:0000d450       ?ztgl_textureMakeDepthRenderTarget@@YAPAUztTextureGL@@PAUztMemoryArena@@HH@Z 1000e450 f   unity_dll.obj
 0001:0000d470       ?ztgl_textureFree@@YAXPAUztTextureGL@@@Z 1000e470 f   unity_dll.obj
 0001:0000d540       ?ztgl_textureBindReset@@YAXPAUztShaderGL@@@Z 1000e540 f   unity_dll.obj
 0001:0000d590       ?ztgl_textureBind@@YAXPAUztTextureGL@@H@Z 1000e590 f   unity_dll.obj
 0001:0000d5e0       ?ztgl_textureRenderTargetPrepare@@YAXPAUztTextureGL@@@Z 1000e5e0 f   unity_dll.obj
 0001:0000d6a0       ?ztgl_textureRenderTargetCommit@@YAXPAUztTextureGL@@PAUztContextGL@@@Z 1000e6a0 f   unity_dll.obj
 0001:0000d760       ?ztgl_textureIsRenderTarget@@YA_NPAUztTextureGL@@@Z 1000e760 f   unity_dll.obj
 0001:0000d7b0       ?ztgl_drawVertices@@YAXIPAUztVertexEntryGL@@HPAXH@Z 1000e7b0 f   unity_dll.obj
 0001:0000d8e0       ?ztgl_vertexArrayMake@@YAPAUztVertexArrayGL@@PAUztVertexEntryGL@@HPAXH@Z 1000e8e0 f   unity_dll.obj
 0001:0000d910       ?ztgl_vertexArrayMake@@YAPAUztVertexArrayGL@@PAUztMemoryArena@@PAUztVertexEntryGL@@HPAXH@Z 1000e910 f   unity_dll.obj
 0001:0000dc00       ?ztgl_vertexArrayFree@@YAXPAUztVertexArrayGL@@@Z 1000ec00 f   unity_dll.obj
 0001:0000dc70       ?ztgl_vertexArrayUpdate@@YA_NPAUztVertexArrayGL@@PAXH@Z 1000ec70 f   unity_dll.obj
 0001:0000de80       ?ztgl_vertexArrayDraw@@YAXPAUztVertexArrayGL@@I@Z 1000ee80 f   unity_dll.obj
 0001:0000deb0       ?ztds_contextMake@@YAPAUztDirectSoundContext@@PAUHWND__@@PAW4ztDirectSoundContextError_Enum@@@Z 1000eeb0 f   unity_dll.obj
 0001:0000e110       ?ztds_contextFree@@YAXPAUztDirectSoundContext@@@Z 1000f110 f   unity_dll.obj
 0001:0000e190       ?ztds_bufferMake@@YAPAUztDirectSoundBuffer@@PAUztDirectSoundContext@@PAEHPAW4ztDirectSoundBufferError_Enum@@@Z 1000f190 f   unity_dll.obj
 0001:0000e590       ?ztds_bufferFree@@YAXPAUztDirectSoundBuffer@@@Z 1000f590 f   unity_dll.obj
 0001:0000e630       ?ztds_bufferGetDetails@@YAXPAUztDirectSoundBuffer@@PAH11PAM@Z 1000f630 f   unity_dll.obj
 0001:0000e6b0       ?ztds_bufferPlay@@YAXPAUztDirectSoundBuffer@@@Z 1000f6b0 f   unity_dll.obj
 0001:0000e6d0       ?ztds_bufferPlayLooping@@YAXPAUztDirectSoundBuffer@@@Z 1000f6d0 f   unity_dll.obj
 0001:0000e6f0       ?ztds_bufferStop@@YAXPAUztDirectSoundBuffer@@@Z 1000f6f0 f   unity_dll.obj
 0001:0000e810       ?zt_currentRenderer@@YA?AW4ztRenderer_Enum@@XZ 1000f810 f   unity_dll.obj
 0001:0000e830       ?zt_pixelsPerUnit@@YAMXZ   1000f830 f   unity_dll.obj
 0001:0000e860       ?zt_inputThisFrame@@YA_NXZ 1000f860 f   unity_dll.obj
 0001:0000e870       ?zt_inputKeysAccessState@@YAPAUztInputKeys@@XZ 1000f870 f   unity_dll.obj
 0001:0000e880       ?zt_inputKeysCopyState@@YAXQAUztInputKeys@@@Z 1000f880 f   unity_dll.obj
 0001:0000e8b0       ?zt_inputGetKeyStrokes@@YAXQAW4ztInputKeys_Enum@@@Z 1000f8b0 f   unity_dll.obj
 0001:0000e8e0       ?zt_inputMouseAccessState@@YAPAUztInputMouse@@XZ 1000f8e0 f   unity_dll.obj
 0001:0000e8f0       ?zt_inputMouseCopyState@@YAXPAUztInputMouse@@@Z 1000f8f0 f   unity_dll.obj
 0001:0000e910       ?zt_inputMouseLook@@YAX_N@Z 1000f910 f   unity_dll.obj
 0001:0000e930       ?zt_inputMouseIsLook@@YA_NXZ 1000f930 f   unity_dll.obj
 0001:0000e940       ?zt_inputMouseSetCursor@@YAXW4ztInputMouseCursor_Enum@@@Z 1000f940 f   unity_dll.obj
 0001:0000ea00       ?zt_inputControllerAccessState@@YAPAUztInputController@@H@Z 1000fa00 f   unity_dll.obj
 0001:0000ea40       ?zt_inputControllerCopyState@@YAXPAUztInputController@@H@Z 1000fa40 f   unity_dll.obj
 0001:0000eaa0       ?zt_inputControllerTriggerHapticFeedback@@YAXHMM@Z 1000faa0 f   unity_dll.obj
 0001:0000ead0       ?zt_assetMakePackedFile@@YA_NPBD0PAUztMemoryArena@@@Z 1000fad0 f   unity_dll.obj
 0001:0000eae0       ?zt_assetManagerLoadDirectory@@YA_NPAUztAssetManager@@PBDPAUztMemoryArena@@@Z 1000fae0 f   unity_dll.obj
 0001:0000ef40       ?zt_assetManagerLoadPackedFile@@YA_NPAUztAssetManager@@PBDPAUztMemoryArena@@@Z 1000ff40 f   unity_dll.obj
 0001:0000ef50       ?zt_assetManagerFree@@YAXPAUztAssetManager@@@Z 1000ff50 f   unity_dll.obj
 0001:0000eff0       ?zt_assetExists@@YA_NPAUztAssetManager@@PBD@Z 1000fff0 f   unity_dll.obj
 0001:0000f010       ?zt_assetExists@@YA_NPAUztAssetManager@@H@Z 10010010 f   unity_dll.obj
 0001:0000f080       ?zt_assetFileExistsAsAsset@@YA_NPAUztAssetManager@@PBDPAH@Z 10010080 f   unity_dll.obj
 0001:0000f1b0       ?zt_assetLoad@@YAHPAUztAssetManager@@PBD@Z 100101b0 f   unity_dll.obj
 0001:0000f1d0       ?zt_assetLoad@@YAHPAUztAssetManager@@H@Z 100101d0 f   unity_dll.obj
 0001:0000f240       ?zt_assetLoad@@YAHPAUztAssetManager@@PBDH@Z 10010240 f   unity_dll.obj
 0001:0000f360       ?zt_assetSize@@YAHPAUztAssetManager@@H@Z 10010360 f   unity_dll.obj
 0001:0000f3d0       ?zt_assetLoadData@@YA_NPAUztAssetManager@@HPAXH@Z 100103d0 f   unity_dll.obj
 0001:0000f520       ?zt_assetClearCache@@YA_NPAUztAssetManager@@H@Z 10010520 f   unity_dll.obj
 0001:0000f5f0       ?zt_assetAddReloadCallback@@YAXPAUztAssetManager@@HP6AX0HPAX@Z1@Z 100105f0 f   unity_dll.obj
 0001:0000f710       ?zt_assetRemoveReloadCallback@@YAXPAUztAssetManager@@HPAX@Z 10010710 f   unity_dll.obj
 0001:0000f8d0       ?zt_assetManagerCheckForChanges@@YAXPAUztAssetManager@@@Z 100108d0 f   unity_dll.obj
 0001:0000fc70       ?zt_shaderMake@@YAHPAUztAssetManager@@H@Z 10010c70 f   unity_dll.obj
 0001:0000fe50       ?zt_shaderFree@@YAXH@Z     10010e50 f   unity_dll.obj
 0001:0000ff00       ?zt_shaderSetCameraMatrices@@YAXHABUztMat4@@0@Z 10010f00 f   unity_dll.obj
 0001:0000ffc0       ?zt_shaderSetModelMatrices@@YAXHABUztMat4@@@Z 10010fc0 f   unity_dll.obj
 0001:00010030       ?zt_shaderBegin@@YAXH@Z    10011030 f   unity_dll.obj
 0001:000100b0       ?zt_shaderEnd@@YAXH@Z      100110b0 f   unity_dll.obj
 0001:00010140       ?zt_shaderPopulateVariables@@YAXHPAUztShaderVariableValues@@@Z 10011140 f   unity_dll.obj
 0001:00010200       ?zt_shaderApplyVariables@@YAXHPAUztShaderVariableValues@@@Z 10011200 f   unity_dll.obj
 0001:00010380       ?zt_shaderApplyVariables@@YAXH@Z 10011380 f   unity_dll.obj
 0001:000105a0       ?zt_shaderHasVariable@@YA_NHPBDPAW4ztShaderVariable_Enum@@@Z 100115a0 f   unity_dll.obj
 0001:00010600       ?zt_shaderSetVariableFloat@@YAXHPBDM@Z 10011600 f   unity_dll.obj
 0001:00010630       ?zt_shaderSetVariableInt@@YAXHPBDH@Z 10011630 f   unity_dll.obj
 0001:00010660       ?zt_shaderSetVariableVec2@@YAXHPBDABUztVec2@@@Z 10011660 f   unity_dll.obj
 0001:00010690       ?zt_shaderSetVariableVec3@@YAXHPBDABUztVec3@@@Z 10011690 f   unity_dll.obj
 0001:000106c0       ?zt_shaderSetVariableVec4@@YAXHPBDABUztVec4@@@Z 100116c0 f   unity_dll.obj
 0001:000106f0       ?zt_shaderSetVariableMat4@@YAXHPBDABUztMat4@@@Z 100116f0 f   unity_dll.obj
 0001:00010720       ?zt_shaderSetVariableMat3@@YAXHPBDQAM@Z 10011720 f   unity_dll.obj
 0001:00010750       ?zt_shaderSetVariableTex@@YAXHPBDH@Z 10011750 f   unity_dll.obj
 0001:00010780       ?zt_shaderSetVariableTexCube@@YAXHPBDH@Z 10011780 f   unity_dll.obj
 0001:000107b0       ?zt_shaderHasVariable@@YA_NHIPAW4ztShaderVariable_Enum@@@Z 100117b0 f   unity_dll.obj
 0001:00010810       ?zt_shaderSetVariableFloat@@YAXHIM@Z 10011810 f   unity_dll.obj
 0001:00010880       ?zt_shaderSetVariableInt@@YAXHIH@Z 10011880 f   unity_dll.obj
 0001:000108f0       ?zt_shaderSetVariableVec2@@YAXHIABUztVec2@@@Z 100118f0 f   unity_dll.obj
 0001:00010960       ?zt_shaderSetVariableVec3@@YAXHIABUztVec3@@@Z 10011960 f   unity_dll.obj
 0001:000109d0       ?zt_shaderSetVariableVec4@@YAXHIABUztVec4@@@Z 100119d0 f   unity_dll.obj
 0001:00010a40       ?zt_shaderSetVariableMat4@@YAXHIABUztMat4@@@Z 10011a40 f   unity_dll.obj
 0001:00010ab0       ?zt_shaderSetVariableMat3@@YAXHIQAM@Z 10011ab0 f   unity_dll.obj
 0001:00010b20       ?zt_shaderSetVariableTex@@YAXHIH@Z 10011b20 f   unity_dll.obj
 0001:00010b90       ?zt_shaderSetVariableTexCube@@YAXHIH@Z 10011b90 f   unity_dll.obj
 0001:00010c00       ?zt_shaderHasVariable@@YA_NPAUztShaderVariableValues@@PBDPAW4ztShaderVariable_Enum@@@Z 10011c00 f   unity_dll.obj
 0001:00010c30       ?zt_shaderSetVariableFloat@@YAXPAUztShaderVariableValues@@PBDM@Z 10011c30 f   unity_dll.obj
 0001:00010c60       ?zt_shaderSetVariableInt@@YAXPAUztShaderVariableValues@@PBDH@Z 10011c60 f   unity_dll.obj
 0001:00010c90       ?zt_shaderSetVariableVec2@@YAXPAUztShaderVariableValues@@PBDABUztVec2@@@Z 10011c90 f   unity_dll.obj
 0001:00010cc0       ?zt_shaderSetVariableVec3@@YAXPAUztShaderVariableValues@@PBDABUztVec3@@@Z 10011cc0 f   unity_dll.obj
 0001:00010cf0       ?zt_shaderSetVariableVec4@@YAXPAUztShaderVariableValues@@PBDABUztVec4@@@Z 10011cf0 f   unity_dll.obj
 0001:00010d20       ?zt_shaderSetVariableMat4@@YAXPAUztShaderVariableValues@@PBDABUztMat4@@@Z 10011d20 f   unity_dll.obj
 0001:00010d50       ?zt_shaderSetVariableMat3@@YAXPAUztShaderVariableValues@@PBDQAM@Z 10011d50 f   unity_dll.obj
 0001:00010d80       ?zt_shaderSetVariableTex@@YAXPAUztShaderVariableValues@@PBDH@Z 10011d80 f   unity_dll.obj
 0001:00010db0       ?zt_shaderSetVariableTexCube@@YAXPAUztShaderVariableValues@@PBDH@Z 10011db0 f   unity_dll.obj
 0001:00010de0       ?zt_shaderHasVariable@@YA_NPAUztShaderVariableValues@@IPAW4ztShaderVariable_Enum@@@Z 10011de0 f   unity_dll.obj
 0001:00010e80       ?zt_shaderSetVariableFloat@@YAXPAUztShaderVariableValues@@IM@Z 10011e80 f   unity_dll.obj
 0001:00010f20       ?zt_shaderSetVariableInt@@YAXPAUztShaderVariableValues@@IH@Z 10011f20 f   unity_dll.obj
 0001:00010fc0       ?zt_shaderSetVariableVec2@@YAXPAUztShaderVariableValues@@IABUztVec2@@@Z 10011fc0 f   unity_dll.obj
 0001:000110a0       ?zt_shaderSetVariableVec3@@YAXPAUztShaderVariableValues@@IABUztVec3@@@Z 100120a0 f   unity_dll.obj
 0001:000111a0       ?zt_shaderSetVariableVec4@@YAXPAUztShaderVariableValues@@IABUztVec4@@@Z 100121a0 f   unity_dll.obj
 0001:000112c0       ?zt_shaderSetVariableMat4@@YAXPAUztShaderVariableValues@@IABUztMat4@@@Z 100122c0 f   unity_dll.obj
 0001:00011380       ?zt_shaderSetVariableMat3@@YAXPAUztShaderVariableValues@@IQAM@Z 10012380 f   unity_dll.obj
 0001:00011440       ?zt_shaderSetVariableTex@@YAXPAUztShaderVariableValues@@IH@Z 10012440 f   unity_dll.obj
 0001:000114d0       ?zt_shaderSetVariableTexCube@@YAXPAUztShaderVariableValues@@IH@Z 100124d0 f   unity_dll.obj
 0001:00011560       ?zt_shaderGetDefault@@YAHW4ztShaderDefault_Enum@@@Z 10012560 f   unity_dll.obj
 0001:00011580       ?zt_textureMake@@YAHPAUztAssetManager@@HH@Z 10012580 f   unity_dll.obj
 0001:00011850       ?zt_textureMake@@YAHPAEHHH@Z 10012850 f   unity_dll.obj
 0001:000119a0       ?zt_textureMakeFromFile@@YAHPBDH@Z 100129a0 f   unity_dll.obj
 0001:00011a50       ?zt_textureMakeFromFileData@@YAHPAXHH@Z 10012a50 f   unity_dll.obj
 0001:00011ba0       ?zt_textureMakeFromPixelData@@YAHPAXHHH@Z 10012ba0 f   unity_dll.obj
 0001:00011c70       ?zt_textureMakeRenderTarget@@YAHHHH@Z 10012c70 f   unity_dll.obj
 0001:00011ce0       ?zt_textureMakeCubeMap@@YAHPAUztAssetManager@@PBD@Z 10012ce0 f   unity_dll.obj
 0001:00011dc0       ?zt_textureMakeCubeMap@@YAHPAUztAssetManager@@QAH@Z 10012dc0 f   unity_dll.obj
 0001:00012160       ?zt_textureFree@@YAXH@Z    10013160 f   unity_dll.obj
 0001:00012220       ?zt_textureRenderTargetPrepare@@YAXH@Z 10013220 f   unity_dll.obj
 0001:00012260       ?zt_textureRenderTargetCommit@@YAXH@Z 10013260 f   unity_dll.obj
 0001:000122b0       ?zt_textureGetSize@@YA?AUztPoint2@@H@Z 100132b0 f   unity_dll.obj
 0001:00012320       ?zt_materialMake@@YA?AUztMaterial@@HABUztVec4@@HH0HHHM@Z 10013320 f   unity_dll.obj
 0001:00012400       ?zt_materialLoad@@YAHPAUztAssetManager@@HPAUztMaterial@@H@Z 10013400 f   unity_dll.obj
 0001:000125a0       ?zt_materialLoadFromFile@@YAHPADPAUztMaterial@@H@Z 100135a0 f   unity_dll.obj
 0001:00012660       ?zt_materialFree@@YAXPAUztMaterial@@@Z 10013660 f   unity_dll.obj
 0001:000127c0       ?zt_materialIsEmpty@@YA_NPAUztMaterial@@@Z 100137c0 f   unity_dll.obj
 0001:00012820       ?zt_materialPrepare@@YAXPAUztMaterial@@HPAHPAIH@Z 10013820 f   unity_dll.obj
 0001:00012c30       ?zt_meshMake@@YAHPAUztVec3@@PAUztVec2@@0HPAIH@Z 10013c30 f   unity_dll.obj
 0001:000134c0       ?zt_meshFree@@YAXH@Z       100144c0 f   unity_dll.obj
 0001:00013530       ?zt_meshMakePrimitiveBox@@YAHMMM@Z 10014530 f   unity_dll.obj
 0001:000145a0       ?zt_meshMakePrimitivePlane@@YAHMMHH@Z 100155a0 f   unity_dll.obj
 0001:00014bc0       ?zt_meshMakePrimitiveDiamond@@YAHMMMH@Z 10015bc0 f   unity_dll.obj
 0001:00014e80       ?zt_meshMakePrimitiveSphere@@YAHMHW4ztMeshPrimativeSphere_Enum@@@Z 10015e80 f   unity_dll.obj
 0001:000160f0       ?zt_meshLoadOBJ@@YAHPAUztAssetManager@@HPAHPAUztMaterial@@HABUztVec3@@3@Z 100170f0 f   unity_dll.obj
 0001:00017b60       ?zt_meshRender@@YAXH@Z     10018b60 f   unity_dll.obj
 0001:00017c40       ?zt_cameraMakeOrtho@@YAXPAUztCamera@@HHHHMMABUztVec3@@@Z 10018c40 f   unity_dll.obj
 0001:00017e40       ?zt_cameraMakePersp@@YAXPAUztCamera@@HHMMMABUztVec3@@ABUztQuat@@@Z 10018e40 f   unity_dll.obj
 0001:00017f70       ?zt_cameraRecalcMatrices@@YAXPAUztCamera@@@Z 10018f70 f   unity_dll.obj
 0001:000180f0       ?zt_cameraCalcFinalMatrix@@YAXPAUztCamera@@PAUztMat4@@@Z 100190f0 f   unity_dll.obj
 0001:000182f0       ?zt_cameraSetMatrices@@YAXPAUztCamera@@AAUztMat4@@1@Z 100192f0 f   unity_dll.obj
 0001:00018420       ?zt_cameraOrthoGetExtents@@YAXPAUztCamera@@PAUztVec2@@1@Z 10019420 f   unity_dll.obj
 0001:000184e0       ?zt_cameraOrthoGetMaxExtent@@YA?AUztVec2@@PAUztCamera@@@Z 100194e0 f   unity_dll.obj
 0001:00018530       ?zt_cameraOrthoGetMinExtent@@YA?AUztVec2@@PAUztCamera@@@Z 10019530 f   unity_dll.obj
 0001:00018580       ?zt_cameraOrthoGetViewportSize@@YA?AUztVec2@@PAUztCamera@@@Z 10019580 f   unity_dll.obj
 0001:00018640       ?zt_cameraOrthoScreenToWorld@@YA?AUztVec2@@PAUztCamera@@HH@Z 10019640 f   unity_dll.obj
 0001:000187c0       ?zt_cameraOrthoWorldToScreen@@YA?AUztPoint2@@PAUztCamera@@AAUztVec2@@@Z 100197c0 f   unity_dll.obj
 0001:00018930       ?zt_cameraCalcViewFrustum@@YA?AUztFrustum@@PAUztCamera@@@Z 10019930 f   unity_dll.obj
 0001:00018d30       ?zt_cameraControllerMakeFPS@@YA?AUztCameraControllerFPS@@PAUztCamera@@UztVec3@@@Z 10019d30 f   unity_dll.obj
 0001:00018e60       ?zt_cameraControlUpdateFPS@@YAXPAUztCameraControllerFPS@@M@Z 10019e60 f   unity_dll.obj
 0001:000194d0       ?zt_cameraControlUpdateWASD@@YAXPAUztCameraControllerFPS@@PAUztInputMouse@@PAUztInputKeys@@M@Z 1001a4d0 f   unity_dll.obj
 0001:00019670       ?zt_vertexArrayMake@@YAHPAUztVertexArrayEntry@@HPAXH@Z 1001a670 f   unity_dll.obj
 0001:00019800       ?zt_vertexArrayFree@@YAXH@Z 1001a800 f   unity_dll.obj
 0001:00019880       ?zt_vertexArrayUpdate@@YA_NHPAXH@Z 1001a880 f   unity_dll.obj
 0001:000198f0       ?zt_vertexArrayDraw@@YAXHW4ztVertexArrayDrawType_Enum@@@Z 1001a8f0 f   unity_dll.obj
 0001:00019990       ?zt_drawListMake@@YA_NPAUztDrawList@@HHPAUztMemoryArena@@@Z 1001a990 f   unity_dll.obj
 0001:00019a30       ?zt_drawListFree@@YAXPAUztDrawList@@@Z 1001aa30 f   unity_dll.obj
 0001:00019a70       ?zt_drawListAddPoint@@YA_NPAUztDrawList@@ABUztVec3@@@Z 1001aa70 f   unity_dll.obj
 0001:00019b20       ?zt_drawListAddLine@@YA_NPAUztDrawList@@ABUztVec3@@1@Z 1001ab20 f   unity_dll.obj
 0001:00019c00       ?zt_drawListAddLine@@YA_NPAUztDrawList@@QBUztVec3@@@Z 1001ac00 f   unity_dll.obj
 0001:00019cf0       ?zt_drawListAddEmptyTriangle@@YA_NPAUztDrawList@@QBUztVec3@@@Z 1001acf0 f   unity_dll.obj
 0001:00019d50       ?zt_drawListAddEmptyTriangle@@YA_NPAUztDrawList@@ABUztVec3@@11@Z 1001ad50 f   unity_dll.obj
 0001:00019dc0       ?zt_drawListAddEmptyQuad@@YA_NPAUztDrawList@@QBUztVec3@@@Z 1001adc0 f   unity_dll.obj
 0001:00019e20       ?zt_drawListAddEmptyQuad@@YA_NPAUztDrawList@@ABUztVec3@@111@Z 1001ae20 f   unity_dll.obj
 0001:00019eb0       ?zt_drawListAddEmptyRect@@YA_NPAUztDrawList@@ABUztVec2@@1@Z 1001aeb0 f   unity_dll.obj
 0001:00019ef0       ?zt_drawListAddEmptyRect@@YA_NPAUztDrawList@@ABUztVec3@@ABUztVec2@@@Z 1001aef0 f   unity_dll.obj
 0001:0001a100       ?zt_drawListAddFilledTriangle@@YA_NPAUztDrawList@@QBUztVec3@@QBUztVec2@@1@Z 1001b100 f   unity_dll.obj
 0001:0001a270       ?zt_drawListAddFilledQuad@@YA_NPAUztDrawList@@ABUztVec3@@111ABUztVec2@@2221111@Z 1001b270 f   unity_dll.obj
 0001:0001a5f0       ?zt_drawListAddFilledQuad@@YA_NPAUztDrawList@@QBUztVec3@@QBUztVec2@@1@Z 1001b5f0 f   unity_dll.obj
 0001:0001a830       ?zt_drawListAddFilledRect2D@@YA_NPAUztDrawList@@ABUztVec2@@111@Z 1001b830 f   unity_dll.obj
 0001:0001a890       ?zt_drawListAddFilledRect2D@@YA_NPAUztDrawList@@ABUztVec3@@ABUztVec2@@22@Z 1001b890 f   unity_dll.obj
 0001:0001aa70       ?zt_drawListAddBillboard@@YA_NPAUztDrawList@@ABUztVec3@@ABUztVec2@@22H@Z 1001ba70 f   unity_dll.obj
 0001:0001ab90       ?zt_drawListAddFilledPoly@@YA_NPAUztDrawList@@PBUztVec3@@HQBUztVec2@@QBU2@@Z 1001bb90 f   unity_dll.obj
 0001:0001ade0       ?zt_drawListAddDrawList@@YA_NPAUztDrawList@@0ABUztVec3@@@Z 1001bde0 f   unity_dll.obj
 0001:0001b0b0       ?zt_drawListAddFrustum@@YA_NPAUztDrawList@@PAUztFrustum@@@Z 1001c0b0 f   unity_dll.obj
 0001:0001b290       ?zt_drawListAddFloorGrid@@YA_NPAUztDrawList@@ABUztVec3@@MMMM@Z 1001c290 f   unity_dll.obj
 0001:0001b480       ?zt_drawListAddVertexArray@@YA_NPAUztDrawList@@HW4ztVertexArrayDrawType_Enum@@@Z 1001c480 f   unity_dll.obj
 0001:0001b520       ?zt_drawListPushShader@@YA_NPAUztDrawList@@H@Z 1001c520 f   unity_dll.obj
 0001:0001b5d0       ?zt_drawListPopShader@@YA_NPAUztDrawList@@@Z 1001c5d0 f   unity_dll.obj
 0001:0001b690       ?zt_drawListPushColor@@YA_NPAUztDrawList@@ABUztVec4@@@Z 1001c690 f   unity_dll.obj
 0001:0001b750       ?zt_drawListPopColor@@YA_NPAUztDrawList@@@Z 1001c750 f   unity_dll.obj
 0001:0001b920       ?zt_drawListPushTexture@@YA_NPAUztDrawList@@H@Z 1001c920 f   unity_dll.obj
 0001:0001b9e0       ?zt_drawListPushTexture@@YA_NPAUztDrawList@@PAHH@Z 1001c9e0 f   unity_dll.obj
 0001:0001baf0       ?zt_drawListPopTexture@@YA_NPAUztDrawList@@@Z 1001caf0 f   unity_dll.obj
 0001:0001bcb0       ?zt_drawListPushClipRegion@@YA_NPAUztDrawList@@UztVec2@@1@Z 1001ccb0 f   unity_dll.obj
 0001:0001bda0       ?zt_drawListPopClipRegion@@YA_NPAUztDrawList@@@Z 1001cda0 f   unity_dll.obj
 0001:0001be70       ?zt_drawListGetCurrentShader@@YAHPAUztDrawList@@@Z 1001ce70 f   unity_dll.obj
 0001:0001bee0       ?zt_drawListReset@@YAXPAUztDrawList@@@Z 1001cee0 f   unity_dll.obj
 0001:0001bf10       ?zt_renderDrawList@@YAXPAUztCamera@@PAUztDrawList@@ABUztVec4@@HH@Z 1001cf10 f   unity_dll.obj
 0001:0001bf70       ?zt_renderDrawLists@@YAXPAUztCamera@@PAPAUztDrawList@@HABUztVec4@@HH@Z 1001cf70 f   unity_dll.obj
 0001:0001e070       ?zt_lightMakeDirectional@@YA?AUztLight@@ABUztVec3@@0MM_NABUztVec4@@@Z 1001f070 f   unity_dll.obj
 0001:0001e100       ?zt_lightMakeSpot@@YA?AUztLight@@ABUztVec3@@0M_NABUztVec4@@@Z 1001f100 f   unity_dll.obj
 0001:0001e190       ?zt_lightMakeArea@@YA?AUztLight@@ABUztVec3@@M_NABUztVec4@@@Z 1001f190 f   unity_dll.obj
 0001:0001e230       ?zt_modelMake@@YAPAUztModel@@PAUztMemoryArena@@HPAUztMaterial@@HPAUztShaderVariableValues@@HPAU1@@Z 1001f230 f   unity_dll.obj
 0001:0001e680       ?zt_modelFree@@YAXPAUztModel@@@Z 1001f680 f   unity_dll.obj
 0001:0001e710       ?zt_modelMakeSkybox@@YAPAUztModel@@PAUztMemoryArena@@H@Z 1001f710 f   unity_dll.obj
 0001:0001ef40       ?zt_sceneMake@@YAPAUztScene@@PAUztMemoryArena@@H@Z 1001ff40 f   unity_dll.obj
 0001:0001f000       ?zt_sceneFree@@YAXPAUztScene@@@Z 10020000 f   unity_dll.obj
 0001:0001f050       ?zt_sceneFreeAllModels@@YAXPAUztScene@@@Z 10020050 f   unity_dll.obj
 0001:0001f0f0       ?zt_sceneAddLight@@YAXPAUztScene@@PAUztLight@@@Z 100200f0 f   unity_dll.obj
 0001:0001f1a0       ?zt_sceneSetSkybox@@YAXPAUztScene@@PAUztModel@@@Z 100201a0 f   unity_dll.obj
 0001:0001f200       ?zt_sceneAddModel@@YAXPAUztScene@@PAUztModel@@@Z 10020200 f   unity_dll.obj
 0001:0001f360       ?zt_sceneRemoveModel@@YAXPAUztScene@@PAUztModel@@@Z 10020360 f   unity_dll.obj
 0001:0001f470       ?zt_sceneHasModel@@YA_NPAUztScene@@PAUztModel@@@Z 10020470 f   unity_dll.obj
 0001:0001f510       ?zt_sceneCull@@YAXPAUztScene@@PAUztCamera@@@Z 10020510 f   unity_dll.obj
 0001:0001f560       ?zt_sceneLighting@@YAXPAUztScene@@PAUztCamera@@@Z 10020560 f   unity_dll.obj
 0001:0001f6e0       ?zt_sceneRender@@YAXPAUztScene@@PAUztCamera@@@Z 100206e0 f   unity_dll.obj
 0001:0001f8e0       ?zt_rendererSupported@@YA_NW4ztRenderer_Enum@@@Z 100208e0 f   unity_dll.obj
 0001:0001f910       ?zt_rendererSupportedList@@YAHPAW4ztRenderer_Enum@@H@Z 10020910 f   unity_dll.obj
 0001:0001f940       ?zt_rendererVersionSupported@@YA_NW4ztRenderer_Enum@@HH@Z 10020940 f   unity_dll.obj
 0001:0001fa30       ?zt_rendererGetMaxVersionSupported@@YA_NW4ztRenderer_Enum@@PAH1@Z 10020a30 f   unity_dll.obj
 0001:0001fa90       ?zt_rendererClear@@YAXMMMM@Z 10020a90 f   unity_dll.obj
 0001:0001fb00       ?zt_rendererClear@@YAXUztVec4@@@Z 10020b00 f   unity_dll.obj
 0001:0001fb40       ?zt_rendererSetDepthTest@@YAX_NW4ztRendererDepthTestFunction_Enum@@@Z 10020b40 f   unity_dll.obj
 0001:0001fbf0       ?zt_rendererSetFaceCulling@@YAXW4ztRendererFaceCulling_Enum@@@Z 10020bf0 f   unity_dll.obj
 0001:0001fc40       ?zt_rendererRequestChange@@YAXW4ztRenderer_Enum@@@Z 10020c40 f   unity_dll.obj
 0001:0001fca0       ?zt_rendererRequestWindowed@@YAXXZ 10020ca0 f   unity_dll.obj
 0001:0001fd20       ?zt_rendererRequestFullscreen@@YAXXZ 10020d20 f   unity_dll.obj
 0001:0001fdb0       ?zt_alignToPixel@@YAXPAMM0@Z 10020db0 f   unity_dll.obj
 0001:0001ff00       ?zt_alignToPixel@@YAXPAUztVec2@@M@Z 10020f00 f   unity_dll.obj
 0001:0001ff40       ?zt_alignToPixel@@YAXPAUztVec3@@M@Z 10020f40 f   unity_dll.obj
 0001:0001ffa0       ?zt_fontGetCharsetStandard@@YAPBDPAH@Z 10020fa0 f   unity_dll.obj
 0001:0001fff0       ?zt_fontMakeFromTrueTypeAsset@@YAHPAUztAssetManager@@HHPBDH@Z 10020ff0 f   unity_dll.obj
 0001:000200a0       ?zt_fontMakeFromTrueTypeFile@@YAHPBDH0H@Z 100210a0 f   unity_dll.obj
 0001:00020180       ?zt_fontMakeFromBmpFontAsset@@YAHPAUztAssetManager@@HHABUztVec2@@@Z 10021180 f   unity_dll.obj
 0001:000201b0       ?zt_fontMakeFromBmpFontFile@@YAHPBDHABUztVec2@@@Z 100211b0 f   unity_dll.obj
 0001:00020230       ?zt_fontMakeFromBmpFontData@@YAHPBDHABUztVec2@@@Z 10021230 f   unity_dll.obj
 0001:00020250       ?zt_fontFree@@YAXH@Z       10021250 f   unity_dll.obj
 0001:00020320       ?zt_fontGetName@@YAPBDH@Z  10021320 f   unity_dll.obj
 0001:00020370       ?zt_fontGetSizeInPixels@@YAHH@Z 10021370 f   unity_dll.obj
 0001:000203c0       ?zt_fontGetExtents@@YA?AUztVec2@@HPBD@Z 100213c0 f   unity_dll.obj
 0001:000203f0       ?zt_fontGetExtents@@YA?AUztVec2@@HPBDH@Z 100213f0 f   unity_dll.obj
 0001:000204b0       ?zt_drawListAddText2D@@YAXPAUztDrawList@@HPBDUztVec2@@HH@Z 100214b0 f   unity_dll.obj
 0001:000204f0       ?zt_drawListAddText2D@@YAXPAUztDrawList@@HPBDHUztVec2@@HH@Z 100214f0 f   unity_dll.obj
 0001:00020eb0       ?zt_fontGetExtentsFancy@@YA?AUztVec2@@HPBD@Z 10021eb0 f   unity_dll.obj
 0001:00020ee0       ?zt_fontGetExtentsFancy@@YA?AUztVec2@@HPBDH@Z 10021ee0 f   unity_dll.obj
 0001:00020fa0       ?zt_drawListAddFancyText2D@@YAXPAUztDrawList@@HPBDUztVec2@@HH@Z 10021fa0 f   unity_dll.obj
 0001:00020fe0       ?zt_drawListAddFancyText2D@@YAXPAUztDrawList@@HPBDHUztVec2@@HH@Z 10021fe0 f   unity_dll.obj
 0001:00021e20       ?zt_spriteMake@@YA?AUztSprite@@HHHHHHH@Z 10022e20 f   unity_dll.obj
 0001:00021f70       ?zt_spriteMake@@YA?AUztSprite@@HUztPoint2@@00@Z 10022f70 f   unity_dll.obj
 0001:00021fd0       ?zt_spriteMakeFromGrid@@YA?AUztSprite@@HHHHHHH@Z 10022fd0 f   unity_dll.obj
 0001:00022030       ?zt_spriteMakeFromGrid@@YA?AUztSprite@@HUztPoint2@@00@Z 10023030 f   unity_dll.obj
 0001:00022090       ?zt_drawListAddSprite@@YAXPAUztDrawList@@PAUztSprite@@ABUztVec3@@@Z 10023090 f   unity_dll.obj
 0001:00022420       ?zt_drawListAddSprite@@YAXPAUztDrawList@@PAUztSprite@@ABUztVec3@@22@Z 10023420 f   unity_dll.obj
 0001:000228e0       ?zt_spriteNineSliceMake@@YA?AUztSpriteNineSlice@@HHHHHHHHHHHHH@Z 100238e0 f   unity_dll.obj
 0001:00022e20       ?zt_spriteNineSliceMake@@YA?AUztSpriteNineSlice@@HUztPoint2@@000HHHH@Z 10023e20 f   unity_dll.obj
 0001:00022ea0       ?zt_drawListAddSpriteNineSlice@@YAXPAUztDrawList@@PAUztSpriteNineSlice@@ABUztVec2@@2@Z 10023ea0 f   unity_dll.obj
 0001:00023d20       ?zt_collisionPointInRect@@YA_NABUztVec2@@00@Z 10024d20 f   unity_dll.obj
 0001:00023d80       ?zt_collisionPointInRect@@YA_NMMMMMM@Z 10024d80 f   unity_dll.obj
 0001:00023e00       ?zt_collisionPointInRectLL@@YA_NABUztVec2@@00@Z 10024e00 f   unity_dll.obj
 0001:00023e60       ?zt_collisionPointInRectLL@@YA_NMMMMMM@Z 10024e60 f   unity_dll.obj
 0001:00023ec0       ?zt_audioClipMake@@YAHPAUztAssetManager@@H@Z 10024ec0 f   unity_dll.obj
 0001:000240a0       ?zt_audioClipMakeFromFile@@YAHPBD@Z 100250a0 f   unity_dll.obj
 0001:00024150       ?zt_audioClipFree@@YAXH@Z  10025150 f   unity_dll.obj
 0001:000241c0       ?zt_audioClipPlayOnce@@YAXH@Z 100251c0 f   unity_dll.obj
 0001:00024230       ?zt_audioClipPlayLooped@@YAXH@Z 10025230 f   unity_dll.obj
 0001:000242a0       ?zt_audioClipIsPlaying@@YA_NH@Z 100252a0 f   unity_dll.obj
 0001:00024310       ?zt_audioClipStop@@YA_NH@Z 10025310 f   unity_dll.obj
 0001:000243b0       ?zt_guiInitGlobalMemory@@YAXPAUztMemoryArena@@@Z 100253b0 f   unity_dll.obj
 0001:000243c0       ?zt_drawListAddGuiThemeSprite@@YAXPAUztDrawList@@PAUztGuiThemeSprite@@ABUztVec2@@2@Z 100253c0 f   unity_dll.obj
 0001:000245f0       ?zt_drawListAddGuiThemeButtonSprite@@YAXPAUztDrawList@@PAUztGuiThemeButtonSprite@@ABUztVec2@@2_N3@Z 100255f0 f   unity_dll.obj
 0001:00024660       ?zt_guiThemeSpriteGetSize@@YA?AUztVec2@@PAUztGuiThemeSprite@@@Z 10025660 f   unity_dll.obj
 0001:000246e0       ?zt_guiThemeButtonSpriteGetSize@@YA?AUztVec2@@PAUztGuiThemeButtonSprite@@@Z 100256e0 f   unity_dll.obj
 0001:00024810       ?zt_guiManagerMake@@YAHPAUztCamera@@PAUztGuiTheme@@PAUztMemoryArena@@@Z 10025810 f   unity_dll.obj
 0001:00026e30       ?zt_guiManagerFree@@YAXH@Z 10027e30 f   unity_dll.obj
 0001:00026fb0       ?zt_guiManagerUpdate@@YAXHM@Z 10027fb0 f   unity_dll.obj
 0001:000272f0       ?zt_guiManagerHandleInput@@YA_NHQAUztInputKeys@@QAW4ztInputKeys_Enum@@PAUztInputMouse@@@Z 100282f0 f   unity_dll.obj
 0001:00027900       ?zt_guiManagerRender@@YAXHPAUztDrawList@@@Z 10028900 f   unity_dll.obj
 0001:000279d0       ?zt_guiSetActiveManager@@YAXH@Z 100289d0 f   unity_dll.obj
 0001:00027a30       ?zt_guiManagerSetKeyboardFocus@@YAXH_N@Z 10028a30 f   unity_dll.obj
 0001:00027a90       ?zt_guiManagerHasKeyboardFocus@@YA_NH@Z 10028a90 f   unity_dll.obj
 0001:00027af0       ?zt_guiMakeWindow@@YAHPBDH@Z 10028af0 f   unity_dll.obj
 0001:00028090       ?zt_guiMakeScrollWindow@@YAHPBDHH@Z 10029090 f   unity_dll.obj
 0001:000280f0       ?zt_guiMakePanel@@YAHHH@Z  100290f0 f   unity_dll.obj
 0001:00028240       ?zt_guiMakeCollapsingPanel@@YAHHPBD@Z 10029240 f   unity_dll.obj
 0001:00028510       ?zt_guiMakeStaticText@@YAHHPBDHH@Z 10029510 f   unity_dll.obj
 0001:00028740       ?zt_guiMakeButton@@YAHHPBDHPA_N@Z 10029740 f   unity_dll.obj
 0001:00028760       ?zt_guiMakeToggleButton@@YAHHPBDHPA_N@Z 10029760 f   unity_dll.obj
 0001:00028790       ?zt_guiMakeCheckbox@@YAHHPBDHPA_N@Z 10029790 f   unity_dll.obj
 0001:000287c0       ?zt_guiMakeRadioButton@@YAHHPBDHPA_N@Z 100297c0 f   unity_dll.obj
 0001:000287f0       ?zt_guiMakeSlider@@YAHHW4ztGuiItemOrient_Enum@@PAM@Z 100297f0 f   unity_dll.obj
 0001:00028810       ?zt_guiMakeScrollbar@@YAHHW4ztGuiItemOrient_Enum@@PAM@Z 10029810 f   unity_dll.obj
 0001:00028830       ?zt_guiMakeScrollContainer@@YAHHH@Z 10029830 f   unity_dll.obj
 0001:00028b40       ?zt_guiMakeTextEdit@@YAHHPBDHH@Z 10029b40 f   unity_dll.obj
 0001:00028f70       ?zt_guiMakeMenu@@YAHXZ     10029f70 f   unity_dll.obj
 0001:00028f80       ?zt_guiMakeTree@@YAHHH@Z   10029f80 f   unity_dll.obj
 0001:000291b0       ?zt_guiMakeComboBox@@YAHHH@Z 1002a1b0 f   unity_dll.obj
 0001:000293a0       ?zt_guiMakeSpriteDisplay@@YAHHPAUztGuiThemeSprite@@@Z 1002a3a0 f   unity_dll.obj
 0001:000294f0       ?zt_guiMakeSizer@@YAHHW4ztGuiItemOrient_Enum@@@Z 1002a4f0 f   unity_dll.obj
 0001:00029620       ?zt_guiItemFree@@YAXH@Z    1002a620 f   unity_dll.obj
 0001:000297d0       ?zt_guiItemSetSize@@YAXHABUztVec2@@@Z 1002a7d0 f   unity_dll.obj
 0001:000298d0       ?zt_guiItemAutoSize@@YAXH@Z 1002a8d0 f   unity_dll.obj
 0001:00029a70       ?zt_guiItemSetPosition@@YAXHABUztVec2@@@Z 1002aa70 f   unity_dll.obj
 0001:00029b60       ?zt_guiItemSetPosition@@YAXHHHUztVec2@@@Z 1002ab60 f   unity_dll.obj
 0001:00029d20       ?zt_guiItemSetName@@YAXHPBD@Z 1002ad20 f   unity_dll.obj
 0001:00029ec0       ?zt_guiItemSetLabel@@YAXHPBD@Z 1002aec0 f   unity_dll.obj
 0001:0002a070       ?zt_guiItemSetTooltip@@YAXHPBD@Z 1002b070 f   unity_dll.obj
 0001:0002a210       ?zt_guiItemSetThemeType@@YAXHPBD@Z 1002b210 f   unity_dll.obj
 0001:0002a3b0       ?zt_guiItemGetName@@YAPADH@Z 1002b3b0 f   unity_dll.obj
 0001:0002a530       ?zt_guiItemGetLabel@@YAPADH@Z 1002b530 f   unity_dll.obj
 0001:0002a6b0       ?zt_guiItemGetTooltip@@YAPADH@Z 1002b6b0 f   unity_dll.obj
 0001:0002a830       ?zt_guiItemGetThemeType@@YAPADH@Z 1002b830 f   unity_dll.obj
 0001:0002a9b0       ?zt_guiItemSetAlign@@YAXHH@Z 1002b9b0 f   unity_dll.obj
 0001:0002ab50       ?zt_guiItemGetAlign@@YAHH@Z 1002bb50 f   unity_dll.obj
 0001:0002acd0       ?zt_guiItemIsShowing@@YA_NH@Z 1002bcd0 f   unity_dll.obj
 0001:0002add0       ?zt_guiItemShow@@YAXH_N@Z  1002bdd0 f   unity_dll.obj
 0001:0002af70       ?zt_guiItemHide@@YAXH@Z    1002bf70 f   unity_dll.obj
 0001:0002af90       ?zt_guiItemIsVisible@@YA_NH@Z 1002bf90 f   unity_dll.obj
 0001:0002b130       ?zt_guiItemEnable@@YAXH_N@Z 1002c130 f   unity_dll.obj
 0001:0002b220       ?zt_guiItemDisable@@YAXH@Z 1002c220 f   unity_dll.obj
 0001:0002b240       ?zt_guiItemIsEnabled@@YA_NH@Z 1002c240 f   unity_dll.obj
 0001:0002b3e0       ?zt_guiItemBringToFront@@YAXH@Z 1002c3e0 f   unity_dll.obj
 0001:0002b670       ?zt_guiItemGetTopLevelParent@@YAHH@Z 1002c670 f   unity_dll.obj
 0001:0002b760       ?zt_guiItemIsChildOf@@YA_NHH@Z 1002c760 f   unity_dll.obj
 0001:0002b8c0       ?zt_guiItemFindByName@@YAHPBDH@Z 1002c8c0 f   unity_dll.obj
 0001:0002b9b0       ?zt_guiItemPositionLocalToScreen@@YA?AUztVec2@@HABU1@@Z 1002c9b0 f   unity_dll.obj
 0001:0002bae0       ?zt_guiItemPositionScreenToLocal@@YA?AUztVec2@@HABU1@@Z 1002cae0 f   unity_dll.obj
 0001:0002bc10       ?zt_guiItemSetFocus@@YAXHPAH@Z 1002cc10 f   unity_dll.obj
 0001:0002bda0       ?zt_guiItemGetTheme@@YAPAUztGuiTheme@@H@Z 1002cda0 f   unity_dll.obj
 0001:0002bf70       ?zt_guiItemLock@@YAXH@Z    1002cf70 f   unity_dll.obj
 0001:0002c040       ?zt_guiItemUnlock@@YAXH@Z  1002d040 f   unity_dll.obj
 0001:0002c110       ?zt_guiItemReparent@@YAXHH@Z 1002d110 f   unity_dll.obj
 0001:0002c4a0       ?zt_guiWindowGetContentParent@@YAHH@Z 1002d4a0 f   unity_dll.obj
 0001:0002c580       ?zt_guiCollapsingPanelGetContentParent@@YAHH@Z 1002d580 f   unity_dll.obj
 0001:0002c660       ?zt_guiButtonSetIcon@@YAXHPAUztSprite@@@Z 1002d660 f   unity_dll.obj
 0001:0002c8f0       ?zt_guiButtonSetTextPosition@@YAXHH@Z 1002d8f0 f   unity_dll.obj
 0001:0002cae0       ?zt_guiButtonSetCallback@@YAXHHPAX@Z 1002dae0 f   unity_dll.obj
 0001:0002cc00       ?zt_guiToggleButtonGetValue@@YA_NH@Z 1002dc00 f   unity_dll.obj
 0001:0002cd10       ?zt_guiToggleButtonSetValue@@YAXH_N@Z 1002dd10 f   unity_dll.obj
 0001:0002ce20       ?zt_guiCheckboxGetValue@@YA_NH@Z 1002de20 f   unity_dll.obj
 0001:0002cf20       ?zt_guiCheckboxSetValue@@YAXH_N@Z 1002df20 f   unity_dll.obj
 0001:0002d030       ?zt_guiSliderGetValue@@YAMH@Z 1002e030 f   unity_dll.obj
 0001:0002d110       ?zt_guiSliderSetValue@@YAXHM@Z 1002e110 f   unity_dll.obj
 0001:0002d210       ?zt_guiScrollbarGetValue@@YAMH@Z 1002e210 f   unity_dll.obj
 0001:0002d2f0       ?zt_guiScrollbarSetValue@@YAXHM@Z 1002e2f0 f   unity_dll.obj
 0001:0002d3f0       ?zt_guiScrollbarSetSteps@@YAXHMM@Z 1002e3f0 f   unity_dll.obj
 0001:0002d540       ?zt_guiScrollbarStepNeg@@YA_NH@Z 1002e540 f   unity_dll.obj
 0001:0002d6b0       ?zt_guiScrollbarStepPageNeg@@YA_NH@Z 1002e6b0 f   unity_dll.obj
 0001:0002d820       ?zt_guiScrollbarStepPos@@YA_NH@Z 1002e820 f   unity_dll.obj
 0001:0002d990       ?zt_guiScrollbarStepPagePos@@YA_NH@Z 1002e990 f   unity_dll.obj
 0001:0002db00       ?zt_guiScrollbarSetPercent@@YAXHM@Z 1002eb00 f   unity_dll.obj
 0001:0002dc60       ?zt_guiScrollContainerSetItem@@YAXHH@Z 1002ec60 f   unity_dll.obj
 0001:0002de50       ?zt_guiScrollContainerResetScroll@@YAXH@Z 1002ee50 f   unity_dll.obj
 0001:0002df70       ?zt_guiScrollContainerSetScroll@@YAXHW4ztGuiItemOrient_Enum@@M@Z 1002ef70 f   unity_dll.obj
 0001:0002e070       ?zt_guiTextEditGetValue@@YAHHPADH@Z 1002f070 f   unity_dll.obj
 0001:0002e160       ?zt_guiTextEditSetValue@@YAXHPBD@Z 1002f160 f   unity_dll.obj
 0001:0002e2a0       ?zt_guiTextEditSetSelection@@YAXHHH@Z 1002f2a0 f   unity_dll.obj
 0001:0002e480       ?zt_guiTextEditGetSelection@@YAXHPAH0@Z 1002f480 f   unity_dll.obj
 0001:0002e570       ?zt_guiTextEditSelectAll@@YAXH@Z 1002f570 f   unity_dll.obj
 0001:0002e660       ?zt_guiTextEditGetCursorPos@@YAHH@Z 1002f660 f   unity_dll.obj
 0001:0002e740       ?zt_guiTextEditSetCursorPos@@YAXHH@Z 1002f740 f   unity_dll.obj
 0001:0002e8a0       ?zt_guiTextEditSetCallback@@YAXHH@Z 1002f8a0 f   unity_dll.obj
 0001:0002e980       ?zt_guiMenuAppend@@YAXHPBDHPAXPAUztSprite@@@Z 1002f980 f   unity_dll.obj
 0001:0002ec50       ?zt_guiMenuAppendSubmenu@@YAXHPBDHPAUztSprite@@@Z 1002fc50 f   unity_dll.obj
 0001:0002ef20       ?zt_guiMenuPopupAtItem@@YAXHHHABUztVec2@@@Z 1002ff20 f   unity_dll.obj
 0001:0002f080       ?zt_guiMenuPopupAtPosition@@YAXHABUztVec2@@@Z 10030080 f   unity_dll.obj
 0001:0002f2b0       ?zt_guiMenuGetSelected@@YA_NHPAH@Z 100302b0 f   unity_dll.obj
 0001:0002f3f0       ?zt_guiMenuSetCallback@@YAXHH@Z 100303f0 f   unity_dll.obj
 0001:0002f4d0       ?zt_guiTreeAppend@@YAHHPBDPAXH@Z 100304d0 f   unity_dll.obj
 0001:0002f5e0       ?zt_guiTreeAppend@@YAHHHPAXH@Z 100305e0 f   unity_dll.obj
 0001:0002f720       ?zt_guiTreeGetSelected@@YAHH@Z 10030720 f   unity_dll.obj
 0001:0002f820       ?zt_guiTreeSetSelected@@YAXHH@Z 10030820 f   unity_dll.obj
 0001:0002f910       ?zt_guiTreeGetRoot@@YAHH@Z 10030910 f   unity_dll.obj
 0001:0002f9f0       ?zt_guiTreeGetNodeItem@@YAHHH@Z 100309f0 f   unity_dll.obj
 0001:0002fb00       ?zt_guiTreeGetNodeUserData@@YAPAXHH@Z 10030b00 f   unity_dll.obj
 0001:0002fc10       ?zt_guiTreeSetCallback@@YAXHHPAX@Z 10030c10 f   unity_dll.obj
 0001:0002fd00       ?zt_guiTreeClear@@YAXH@Z   10030d00 f   unity_dll.obj
 0001:0002fdf0       ?zt_guiComboBoxSetContents@@YAXHPAPBDHH@Z 10030df0 f   unity_dll.obj
 0001:000300e0       ?zt_guiComboBoxClear@@YAXH@Z 100310e0 f   unity_dll.obj
 0001:000301f0       ?zt_guiComboBoxAppend@@YAXHPBD@Z 100311f0 f   unity_dll.obj
 0001:00030480       ?zt_guiComboBoxGetSelected@@YAHH@Z 10031480 f   unity_dll.obj
 0001:00030560       ?zt_guiComboBoxGetItemCount@@YAHH@Z 10031560 f   unity_dll.obj
 0001:00030640       ?zt_guiComboBoxGetItemText@@YAHHHPADH@Z 10031640 f   unity_dll.obj
 0001:00030750       ?zt_guiComboBoxSetCallback@@YAXHHPAX@Z 10031750 f   unity_dll.obj
 0001:00030840       ?zt_guiSpriteDisplaySetSprite@@YAXHPAUztGuiThemeSprite@@@Z 10031840 f   unity_dll.obj
 0001:00030920       ?zt_guiSizerAddItem@@YAXHHHMHH@Z 10031920 f   unity_dll.obj
 0001:00030d30       ?zt_guiSizerAddStretcher@@YAXHHM@Z 10031d30 f   unity_dll.obj
 0001:00030e60       ?zt_guiSizerSizeToParent@@YAXH_N@Z 10031e60 f   unity_dll.obj
 0001:00030f40       ?zt_guiSizerSizeParent@@YAXH_N0@Z 10031f40 f   unity_dll.obj
 0001:00031030       ?zt_guiSizerRecalc@@YAXH@Z 10032030 f   unity_dll.obj
 0001:000310e0       ?zt_guiSizerRecalcImmediately@@YAXH@Z 100320e0 f   unity_dll.obj
 0001:00031190       ?zt_guiSizerGetMinSize@@YA?AUztVec2@@H@Z 10032190 f   unity_dll.obj
 0001:000312e0       ?zt_guiInitDebug@@YAXH@Z   100322e0 f   unity_dll.obj
 0001:000314f0       ?zt_debugConsoleAddCommand@@YAXPBD0HH@Z 100324f0 f   unity_dll.obj
 0001:00031640       ?zt_debugConsoleRemoveCommand@@YAXPBD@Z 10032640 f   unity_dll.obj
 0001:000316e0       ?zt_debugConsoleLog@@YAXW4ztDebugConsoleLevel_Enum@@PBDZZ 100326e0 f   unity_dll.obj
 0001:00031740       ?zt_debugConsoleLogUser@@YAXPBDZZ 10032740 f   unity_dll.obj
 0001:000317a0       ?zt_debugConsoleLogCommand@@YAXPBDZZ 100327a0 f   unity_dll.obj
 0001:00031800       ?zt_debugConsoleLogHelp@@YAXPBDZZ 10032800 f   unity_dll.obj
 0001:00031860       ?zt_debugConsoleLogWarning@@YAXPBDZZ 10032860 f   unity_dll.obj
 0001:000318c0       ?zt_debugConsoleLogError@@YAXPBDZZ 100328c0 f   unity_dll.obj
 0001:00031920       ?zt_debugConsoleLogSystem@@YAXPBDZZ 10032920 f   unity_dll.obj
 0001:00031980       ?zt_debugConsoleToggle@@YAXPA_N@Z 10032980 f   unity_dll.obj
 0001:00031a40       ?zt_debugLogGuiHierarchy@@YAXH@Z 10032a40 f   unity_dll.obj
 0001:00031af0       ?zt_dllGuiLoad@@YAXXZ      10032af0 f   unity_dll.obj
 0001:00031b00       ?zt_dllGuiUnload@@YAXXZ    10032b00 f   unity_dll.obj
 0001:00031b10       ?boardMake@@YA?AUBoard@@HH@Z 10032b10 f   unity_dll.obj
 0001:00031c00       ?boardFree@@YAXPAUBoard@@@Z 10032c00 f   unity_dll.obj
 0001:00031c30       ?boardUpdate@@YA?AW4BoardState_Enum@@PAUBoard@@MPAUBoardRules@@PAW4BoardInput_Enum@@H@Z 10032c30 f   unity_dll.obj
 0001:00031da0       ?boardRender@@YAXPAUBoard@@PAUztDrawList@@H@Z 10032da0 f   unity_dll.obj
 0001:00031df0       _dll_settings              10032df0 f   unity_dll.obj
 0001:00031e20       _dll_init                  10032e20 f   unity_dll.obj
 0001:00032230       _dll_reload                10033230 f   unity_dll.obj
 0001:00032250       _dll_unload                10033250 f   unity_dll.obj
 0001:00032270       _dll_screenChange          10033270 f   unity_dll.obj
 0001:00032350       _dll_cleanup               10033350 f   unity_dll.obj
 0001:00032830       _dll_gameLoop              10033830 f   unity_dll.obj
 0001:000335f0       ?boardPointFromIndex@@YA?AUztPoint2@@PAUBoard@@H@Z 100345f0 f   unity_dll.obj
 0001:00033650       ?boardIndexFromPoint@@YAHPAUBoard@@HH@Z 10034650 f   unity_dll.obj
 0001:00033670       ?boardIndexAdjust@@YAHPAUBoard@@HHH@Z 10034670 f   unity_dll.obj
 0001:000336e0       ?boardRotateBlockLeft@@YA_NPAUBoard@@@Z 100346e0 f   unity_dll.obj
 0001:000336f0       ?boardRotateBlockRight@@YA_NPAUBoard@@@Z 100346f0 f   unity_dll.obj
 0001:00033700       ?boardGetNextBlock@@YA?AW4BlockType_Enum@@PAUBoard@@@Z 10034700 f   unity_dll.obj
 0001:00033710       ?boardCycleBlocks@@YAXPAUBoard@@HW4BlockType_Enum@@@Z 10034710 f   unity_dll.obj
 0001:00033740       ?boardGetBlockPieces@@YAXW4BlockType_Enum@@HPACPAH@Z 10034740 f   unity_dll.obj
 0001:00034450       ?boardIsValidBlockPosition@@YA_NPAUBoard@@HW4BlockType_Enum@@H@Z 10035450 f   unity_dll.obj
 0001:00034460       ?boardProcessGravityDrop@@YAXPAUBoard@@@Z 10035460 f   unity_dll.obj
 0001:00034490       ?boardRenderBlockPiece@@YAXPAUBoard@@W4BlockType_Enum@@PAUztDrawList@@H@Z 10035490 f   unity_dll.obj
 0001:000348d0       ?boardRenderBlock@@YAXPAUBoard@@W4BlockType_Enum@@PAUztDrawList@@HH@Z 100358d0 f   unity_dll.obj
 0001:000349e0       ?_zt_call_malloc@@YAPAXI@Z 100359e0 f   unity_dll.obj
 0001:00034a00       ?_zt_call_free@@YAXPAX@Z   10035a00 f   unity_dll.obj
 0001:00034a60       _zt_dllSetGlobals          10035a60 f   unity_dll.obj
 0001:00034af0       ?zt_memValidateArena@@YAXPAUztMemoryArena@@@Z 10035af0 f   unity_dll.obj
 0001:00035440       ?_zt_serialMakeWriterDoHeader@@YA_NPAUztSerial@@PBDH@Z 10036440 f   unity_dll.obj
 0001:00035540       ?_zt_serialMakeReaderDoHeader@@YA_NPAUztSerial@@PBD@Z 10036540 f   unity_dll.obj
 0001:000356d0       ?ztgl_loadFunctions@@YAXPAUztOpenGLFunctions@@@Z 100366d0 f   unity_dll.obj
 0001:00035960       ?ztgl_saveFunctions@@YAXPAUztOpenGLFunctions@@@Z 10036960 f   unity_dll.obj
 0001:00035bf0       _zt_dllSetOpenGLGlobals    10036bf0 f   unity_dll.obj
 0001:000367a0       ?ztgl_win_contextDisplay@@YAXPAUztContextGL@@@Z 100377a0 f   unity_dll.obj
 0001:000367c0       ?ztgl_win_contextMake@@YAPAUztContextGL@@PAUztMemoryArena@@PAUHWND__@@HHHH@Z 100377c0 f   unity_dll.obj
 0001:00036aa0       ?ztgl_win_contextFree@@YAXPAUztContextGL@@@Z 10037aa0 f   unity_dll.obj
 0001:00036ae0       ?ztgl_win_contextSetSize@@YA_NPAUztContextGL@@HH@Z 10037ae0 f   unity_dll.obj
 0001:00036b10       ?ztgl_win_contextToggleFullscreen@@YA_NPAUztContextGL@@_N@Z 10037b10 f   unity_dll.obj
 0001:00036ca0       ?ztgl_win_setViewport@@YA_NPAUztContextGL@@@Z 10037ca0 f   unity_dll.obj
 0001:000382d0       ?ztds_bufferPlay@@YAXPAUztDirectSoundBuffer@@_N@Z 100392d0 f   unity_dll.obj
 0001:000384a0       _zt_dllSetGameGlobals      100394a0 f   unity_dll.obj
 0001:000386a0       ?_zt_winControllerInputHapticFeedback@@YAXHMM@Z 100396a0 f   unity_dll.obj
 0001:00038740       ?_zt_inputClearState@@YAX_N@Z 10039740 f   unity_dll.obj
 0001:0003a140       ?_zt_shaderMakeBase@@YAHPBD0HH@Z 1003b140 f   unity_dll.obj
 0001:0003ae10       ?zt_shaderMake@@YAHPBD0H@Z 1003be10 f   unity_dll.obj
 0001:0003af90       ?_zt_fontMakeFromSTB@@YAHPBDPAXHH0H@Z 1003bf90 f   unity_dll.obj
 0001:0003ddf0       ?_zt_winControllerInputUpdate@@YAXM@Z 1003edf0 f   unity_dll.obj
 0001:0003e6d0       ?_zt_winControllerInputInit@@YAXXZ 1003f6d0 f   unity_dll.obj
 0001:0003e8b0       ?_zt_winControllerInputCleanup@@YAXXZ 1003f8b0 f   unity_dll.obj
 0001:0003e8d0       ?_zt_win_processMessages@@YAXXZ 1003f8d0 f   unity_dll.obj
 0001:0003e920       _stbi_load                 1003f920 f   unity_dll.obj
 0001:0003e9a0       _stbi_load_from_callbacks  1003f9a0 f   unity_dll.obj
 0001:0003ea00       _stbi_load_from_file       1003fa00 f   unity_dll.obj
 0001:0003ea80       _stbi_loadf                1003fa80 f   unity_dll.obj
 0001:0003eb00       _stbi_loadf_from_memory    1003fb00 f   unity_dll.obj
 0001:0003eb60       _stbi_loadf_from_callbacks 1003fb60 f   unity_dll.obj
 0001:0003ebc0       _stbi_loadf_from_file      1003fbc0 f   unity_dll.obj
 0001:0003ec20       _stbi_hdr_to_ldr_gamma     1003fc20 f   unity_dll.obj
 0001:0003ec40       _stbi_hdr_to_ldr_scale     1003fc40 f   unity_dll.obj
 0001:0003ec60       _stbi_ldr_to_hdr_gamma     1003fc60 f   unity_dll.obj
 0001:0003ec80       _stbi_ldr_to_hdr_scale     1003fc80 f   unity_dll.obj
 0001:0003eca0       _stbi_is_hdr_from_callbacks 1003fca0 f   unity_dll.obj
 0001:0003ecf0       _stbi_is_hdr_from_memory   1003fcf0 f   unity_dll.obj
 0001:0003ed40       _stbi_is_hdr               1003fd40 f   unity_dll.obj
 0001:0003ed90       _stbi_is_hdr_from_file     1003fd90 f   unity_dll.obj
 0001:0003ede0       _stbi_info_from_memory     1003fde0 f   unity_dll.obj
 0001:0003ee40       _stbi_info_from_callbacks  1003fe40 f   unity_dll.obj
 0001:0003eea0       _stbi_info                 1003fea0 f   unity_dll.obj
 0001:0003ef00       _stbi_info_from_file       1003ff00 f   unity_dll.obj
 0001:0003ef90       _stbi_set_unpremultiply_on_load 1003ff90 f   unity_dll.obj
 0001:0003efa0       _stbi_convert_iphone_png_to_rgb 1003ffa0 f   unity_dll.obj
 0001:0003efb0       _stbi_set_flip_vertically_on_load 1003ffb0 f   unity_dll.obj
 0001:0003efc0       _stbi_zlib_decode_malloc_guesssize 1003ffc0 f   unity_dll.obj
 0001:0003f070       _stbi_zlib_decode_malloc_guesssize_headerflag 10040070 f   unity_dll.obj
 0001:0003f120       _stbi_zlib_decode_malloc   10040120 f   unity_dll.obj
 0001:0003f140       _stbi_zlib_decode_buffer   10040140 f   unity_dll.obj
 0001:0003f1b0       _stbi_zlib_decode_noheader_malloc 100401b0 f   unity_dll.obj
 0001:0003f260       _stbi_zlib_decode_noheader_buffer 10040260 f   unity_dll.obj
 0001:0004fa20       ?stbi__tga_read_rgb16@@YAXPAUstbi__context@@PAE@Z 10050a20 f   unity_dll.obj
 0001:00051710       _stbtt_BakeFontBitmap      10052710 f   unity_dll.obj
 0001:00051990       _stbtt_GetBakedQuad        10052990 f   unity_dll.obj
 0001:00051b40       _stbtt_PackBegin           10052b40 f   unity_dll.obj
 0001:00051c60       _stbtt_PackEnd             10052c60 f   unity_dll.obj
 0001:00051c90       _stbtt_PackFontRange       10052c90 f   unity_dll.obj
 0001:00051ce0       _stbtt_PackFontRanges      10052ce0 f   unity_dll.obj
 0001:00051e70       _stbtt_PackSetOversampling 10052e70 f   unity_dll.obj
 0001:00051ed0       _stbtt_GetPackedQuad       10052ed0 f   unity_dll.obj
 0001:000520c0       _stbtt_PackFontRangesGatherRects 100530c0 f   unity_dll.obj
 0001:000522f0       _stbtt_PackFontRangesPackRects 100532f0 f   unity_dll.obj
 0001:00052310       _stbtt_PackFontRangesRenderIntoRects 10053310 f   unity_dll.obj
 0001:00052870       _stbtt_GetFontOffsetForIndex 10053870 f   unity_dll.obj
 0001:000529a0       _stbtt_InitFont            100539a0 f   unity_dll.obj
 0001:00052c10       _stbtt_FindGlyphIndex      10053c10 f   unity_dll.obj
 0001:00053070       _stbtt_ScaleForPixelHeight 10054070 f   unity_dll.obj
 0001:000530d0       _stbtt_ScaleForMappingEmToPixels 100540d0 f   unity_dll.obj
 0001:00053110       _stbtt_GetFontVMetrics     10054110 f   unity_dll.obj
 0001:00053190       _stbtt_GetFontBoundingBox  10054190 f   unity_dll.obj
 0001:00053220       _stbtt_GetCodepointHMetrics 10054220 f   unity_dll.obj
 0001:00053250       _stbtt_GetCodepointKernAdvance 10054250 f   unity_dll.obj
 0001:00053290       _stbtt_GetCodepointBox     10054290 f   unity_dll.obj
 0001:000532d0       _stbtt_GetGlyphHMetrics    100542d0 f   unity_dll.obj
 0001:000533c0       _stbtt_GetGlyphKernAdvance 100543c0 f   unity_dll.obj
 0001:000534c0       _stbtt_GetGlyphBox         100544c0 f   unity_dll.obj
 0001:00053580       _stbtt_IsGlyphEmpty        10054580 f   unity_dll.obj
 0001:000535e0       _stbtt_GetCodepointShape   100545e0 f   unity_dll.obj
 0001:00053610       _stbtt_GetGlyphShape       10054610 f   unity_dll.obj
 0001:00054400       _stbtt_FreeShape           10055400 f   unity_dll.obj
 0001:00054420       _stbtt_FreeBitmap          10055420 f   unity_dll.obj
 0001:00054440       _stbtt_GetCodepointBitmap  10055440 f   unity_dll.obj
 0001:000544a0       _stbtt_GetCodepointBitmapSubpixel 100554a0 f   unity_dll.obj
 0001:00054500       _stbtt_MakeCodepointBitmap 10055500 f   unity_dll.obj
 0001:00054560       _stbtt_MakeCodepointBitmapSubpixel 10055560 f   unity_dll.obj
 0001:000545c0       _stbtt_GetCodepointBitmapBox 100555c0 f   unity_dll.obj
 0001:00054620       _stbtt_GetCodepointBitmapBoxSubpixel 10055620 f   unity_dll.obj
 0001:00054680       _stbtt_GetGlyphBitmap      10055680 f   unity_dll.obj
 0001:000546e0       _stbtt_GetGlyphBitmapSubpixel 100556e0 f   unity_dll.obj
 0001:000548a0       _stbtt_MakeGlyphBitmap     100558a0 f   unity_dll.obj
 0001:00054900       _stbtt_MakeGlyphBitmapSubpixel 10055900 f   unity_dll.obj
 0001:00054a00       _stbtt_GetGlyphBitmapBox   10055a00 f   unity_dll.obj
 0001:00054a60       _stbtt_GetGlyphBitmapBoxSubpixel 10055a60 f   unity_dll.obj
 0001:00054ba0       _stbtt_Rasterize           10055ba0 f   unity_dll.obj
 0001:00054c80       _stbtt_FindMatchingFont    10055c80 f   unity_dll.obj
 0001:00054ce0       _stbtt_CompareUTF8toUTF16_bigendian 10055ce0 f   unity_dll.obj
 0001:00054d20       _stbtt_GetFontNameString   10055d20 f   unity_dll.obj
 0001:00058730       _zt_dllSetGameGuiGlobals   10059730 f   unity_dll.obj
 0001:0005d960       ?zt_guiRadioGetValue@@YA_NH@Z 1005e960 f   unity_dll.obj
 0001:0005da60       ?zt_guiRadioSetValue@@YAXH_N@Z 1005ea60 f   unity_dll.obj
 0001:00065c90       ?_zt_guiTreeFindNode@@YAPAUztTreeItem@ztGuiItem@@PAU2@PAU12@H@Z 10066c90 f   unity_dll.obj
 0001:00068a10       ?_zt_guiDebugConsoleCleanup@@YAXHPAX@Z 10069a10 f   unity_dll.obj
 0001:0006a540       ?_zt_guiDebugGuiHierarchyCleanup@@YAXHPAX@Z 1006b540 f   unity_dll.obj
 0001:0006b680       ??$vsnprintf_s@$0BAAAA@@@YAHAAY0BAAAA@DIPBDPAD@Z 1006c680 f i unity_dll.obj
 0001:0006b6b0       ??0Board@@QAE@XZ           1006c6b0 f i unity_dll.obj
 0001:0006b720       ??0ztBlockProfiler@@QAE@PADW4ztLogMessageLevel_Enum@@@Z 1006c720 f i unity_dll.obj
 0001:0006b750       ??0ztBuffer@?JK@??zt_renderDrawLists@@YAXPAUztCamera@@PAPAUztDrawList@@HABUztVec4@@HH@Z@QAE@XZ 1006c750 f i unity_dll.obj
 0001:0006b780       ??0ztCamera@@QAE@XZ        1006c780 f i unity_dll.obj
 0001:0006b7d0       ??0ztCameraControllerFPS@@QAE@XZ 1006c7d0 f i unity_dll.obj
 0001:0006b800       ??0ztDebugFpsDisplay@@QAE@XZ 1006c800 f i unity_dll.obj
 0001:0006b840       ??0ztDebugGuiHierarchy@@QAE@XZ 1006c840 f i unity_dll.obj
 0001:0006b870       ??0ztDirectSoundContext@@QAE@XZ 1006c870 f i unity_dll.obj
 0001:0006b8a0       ??0ztFrustum@@QAE@XZ       1006c8a0 f i unity_dll.obj
 0001:0006b940       ??0ztGlobals@@QAE@XZ       1006c940 f i unity_dll.obj
 0001:0006b990       ??0ztGuiGlobals@@QAE@XZ    1006c990 f i unity_dll.obj
 0001:0006b9f0       ??0ztGuiThemeSprite@@QAE@XZ 1006c9f0 f i unity_dll.obj
 0001:0006ba20       ??0ztLight@@QAE@XZ         1006ca20 f i unity_dll.obj
 0001:0006ba50       ??0ztMat4@@QAE@MMMMMMMMMMMMMMMM@Z 1006ca50 f i unity_dll.obj
 0001:0006bbd0       ??0ztMat4@@QAE@QAM@Z       1006cbd0 f i unity_dll.obj
 0001:0006bbd0       ??0ztMat4@@QAE@ABU0@@Z     1006cbd0 f i unity_dll.obj
 0001:0006bc30       ??0ztMat4@@QAE@XZ          1006cc30 f i unity_dll.obj
 0001:0006bc50       ??0ztMaterial@@QAE@XZ      1006cc50 f i unity_dll.obj
 0001:0006bc80       ??0ztPoint2@@QAE@HH@Z      1006cc80 f i unity_dll.obj
 0001:0006bcb0       ??0ztPoint2@@QAE@XZ        1006ccb0 f i unity_dll.obj
 0001:0006bcb0       ??0ztVec2@@QAE@XZ          1006ccb0 f i unity_dll.obj
 0001:0006bcb0       ?GetLocaleT@_LocaleUpdate@@QAEPAUlocaleinfo_struct@@XZ 1006ccb0 f i LIBCMTD:strtod.obj
 0001:0006bcc0       ??0ztQuat@@QAE@MMMM@Z      1006ccc0 f i unity_dll.obj
 0001:0006bd20       ??0ztQuat@@QAE@XZ          1006cd20 f i unity_dll.obj
 0001:0006bd40       ??0ztSprite@@QAE@XZ        1006cd40 f i unity_dll.obj
 0001:0006bd70       ??0ztSpriteNineSlice@@QAE@XZ 1006cd70 f i unity_dll.obj
 0001:0006be00       ??0ztVec2@@QAE@MM@Z        1006ce00 f i unity_dll.obj
 0001:0006be30       ??0ztVec3@@QAE@ABUztVec2@@M@Z 1006ce30 f i unity_dll.obj
 0001:0006be70       ??0ztVec3@@QAE@MMM@Z       1006ce70 f i unity_dll.obj
 0001:0006beb0       ??0ztVec3@@QAE@XZ          1006ceb0 f i unity_dll.obj
 0001:0006bed0       ??0ztVec4@@QAE@ABUztVec2@@0@Z 1006ced0 f i unity_dll.obj
 0001:0006bf30       ??0ztVec4@@QAE@ABUztVec3@@M@Z 1006cf30 f i unity_dll.obj
 0001:0006bfa0       ??0ztVec4@@QAE@MMMM@Z      1006cfa0 f i unity_dll.obj
 0001:0006c010       ??0ztVec4@@QAE@XZ          1006d010 f i unity_dll.obj
 0001:0006c050       ??0ztVertex@?JK@??zt_renderDrawLists@@YAXPAUztCamera@@PAPAUztDrawList@@HABUztVec4@@HH@Z@QAE@XZ 1006d050 f i unity_dll.obj
 0001:0006c090       ??1ztBlockProfiler@@QAE@XZ 1006d090 f i unity_dll.obj
 0001:0006c0f0       ??8ztVec2@@QBE_NABU0@@Z    1006d0f0 f i unity_dll.obj
 0001:0006c1d0       ??8ztVec4@@QBE_NABU0@@Z    1006d1d0 f i unity_dll.obj
 0001:0006c370       ??9ztQuat@@QBE_NABU0@@Z    1006d370 f i unity_dll.obj
 0001:0006c390       ??9ztVec2@@QBE_NABU0@@Z    1006d390 f i unity_dll.obj
 0001:0006c470       ??9ztVec3@@QBE_NABU0@@Z    1006d470 f i unity_dll.obj
 0001:0006c5b0       ??9ztVec4@@QBE_NABU0@@Z    1006d5b0 f i unity_dll.obj
 0001:0006c750       ??D@YA?AUztMat4@@ABU0@0@Z  1006d750 f i unity_dll.obj
 0001:0006c770       ??D@YA?AUztVec2@@ABU0@0@Z  1006d770 f i unity_dll.obj
 0001:0006c7b0       ??D@YA?AUztVec3@@ABUztMat4@@ABU0@@Z 1006d7b0 f i unity_dll.obj
 0001:0006c7d0       ??G@YA?AUztVec2@@ABU0@0@Z  1006d7d0 f i unity_dll.obj
 0001:0006c810       ??G@YA?AUztVec3@@ABU0@0@Z  1006d810 f i unity_dll.obj
 0001:0006c860       ??H@YA?AUztVec2@@ABU0@0@Z  1006d860 f i unity_dll.obj
 0001:0006c8a0       ??H@YA?AUztVec3@@ABU0@0@Z  1006d8a0 f i unity_dll.obj
 0001:0006c8f0       ??XztQuat@@QAEAAU0@ABU0@@Z 1006d8f0 f i unity_dll.obj
 0001:0006ca80       ??XztVec3@@QAEAAU0@M@Z     1006da80 f i unity_dll.obj
 0001:0006cad0       ??YztVec2@@QAEAAU0@ABU0@@Z 1006dad0 f i unity_dll.obj
 0001:0006cb10       ??ZztVec2@@QAEAAU0@ABU0@@Z 1006db10 f i unity_dll.obj
 0001:0006cb50       ??_H@YGXPAXIHP6EPAX0@Z@Z   1006db50 f i unity_dll.obj
 0001:0006cb80       ?abs@@YA_J_J@Z             1006db80 f i unity_dll.obj
 0001:0006cba0       ?ceil@@YAMM@Z              1006dba0 f i unity_dll.obj
 0001:0006cbc0       ?convertToMat4@ztQuat@@QBE?AUztMat4@@XZ 1006dbc0 f i unity_dll.obj
 0001:0006cc00       ?convertToMat4@ztQuat@@QBEXPAUztMat4@@@Z 1006dc00 f i unity_dll.obj
 0001:0006ced0       ?cross@ztVec3@@QBE?AU1@ABU1@@Z 1006ded0 f i unity_dll.obj
 0001:0006cf70       ?fabs@@YAMM@Z              1006df70 f i unity_dll.obj
 0001:0006cf90       ?floor@@YAMM@Z             1006df90 f i unity_dll.obj
 0001:0006cfb0       ?getNormal@ztVec3@@QBE?AU1@XZ 1006dfb0 f i unity_dll.obj
 0001:0006d0a0       ?getTranslate@ztMat4@@QBE?AU1@ABUztVec3@@@Z 1006e0a0 f i unity_dll.obj
 0001:0006d0e0       ?getTranslate@ztMat4@@QBE?AU1@MMM@Z 1006e0e0 f i unity_dll.obj
 0001:0006d140       ?justPressed@ztInputKeys@@QAE_NXZ 1006e140 f i unity_dll.obj
 0001:0006d170       ?justPressed@ztInputMouse@@QAE_NH@Z 1006e170 f i unity_dll.obj
 0001:0006d1d0       ?justPressedOrRepeated@ztInputKeys@@QAE_NXZ 1006e1d0 f i unity_dll.obj
 0001:0006d210       ?justReleased@ztInputMouse@@QAE_NH@Z 1006e210 f i unity_dll.obj
 0001:0006d270       ?justRepeated@ztInputKeys@@QAE_NXZ 1006e270 f i unity_dll.obj
 0001:0006d2a0       ?ldexp@@YAMMH@Z            1006e2a0 f i unity_dll.obj
 0001:0006d2c0       ?leftJustPressed@ztInputMouse@@QAE_NXZ 1006e2c0 f i unity_dll.obj
 0001:0006d2e0       ?leftJustReleased@ztInputMouse@@QAE_NXZ 1006e2e0 f i unity_dll.obj
 0001:0006d300       ?leftPressed@ztInputMouse@@QAE_NXZ 1006e300 f i unity_dll.obj
 0001:0006d320       ?length@ztVec3@@QBEMXZ     1006e320 f i unity_dll.obj
 0001:0006d370       ?makeFromAxisAngle@ztQuat@@SA?AU1@MMMM@Z 1006e370 f i unity_dll.obj
 0001:0006d430       ?makeFromEuler@ztQuat@@SA?AU1@ABUztVec3@@@Z 1006e430 f i unity_dll.obj
 0001:0006d470       ?makeFromEuler@ztQuat@@SA?AU1@MMM@Z 1006e470 f i unity_dll.obj
 0001:0006d590       ?middleJustPressed@ztInputMouse@@QAE_NXZ 1006e590 f i unity_dll.obj
 0001:0006d5b0       ?middleJustReleased@ztInputMouse@@QAE_NXZ 1006e5b0 f i unity_dll.obj
 0001:0006d5d0       ?middlePressed@ztInputMouse@@QAE_NXZ 1006e5d0 f i unity_dll.obj
 0001:0006d5f0       ?normalize@ztVec3@@QAEXXZ  1006e5f0 f i unity_dll.obj
 0001:0006d6a0       ?pow@@YAMMM@Z              1006e6a0 f i unity_dll.obj
 0001:0006d6d0       ?pressed@ztInputKeys@@QAE_NXZ 1006e6d0 f i unity_dll.obj
 0001:0006d700       ?pressed@ztInputMouse@@QAE_NH@Z 1006e700 f i unity_dll.obj
 0001:0006d760       ?rightJustPressed@ztInputMouse@@QAE_NXZ 1006e760 f i unity_dll.obj
 0001:0006d780       ?rightJustReleased@ztInputMouse@@QAE_NXZ 1006e780 f i unity_dll.obj
 0001:0006d7a0       ?rightPressed@ztInputMouse@@QAE_NXZ 1006e7a0 f i unity_dll.obj
 0001:0006d7c0       ?scale@ztMat4@@QAEXABUztVec3@@@Z 1006e7c0 f i unity_dll.obj
 0001:0006d810       ?sqrt@@YAMM@Z              1006e810 f i unity_dll.obj
 0001:0006d830       ?tan@@YAMM@Z               1006e830 f i unity_dll.obj
[...]
 0002:000478a8       __sehtable$___tzset        100e98a8     LIBCMTD:tzset.obj
 0002:000478c8       __sehtable$__tzset_nolock  100e98c8     LIBCMTD:tzset.obj
 0002:000478e8       __sehtable$_doexit         100e98e8     LIBCMTD:crt0dat.obj
 0002:00047908       __sehtable$_setvbuf        100e9908     LIBCMTD:setvbuf.obj
 0002:00047928       __sehtable$_fwprintf       100e9928     LIBCMTD:fwprintf.obj
 0002:00047948       __sehtable$_raise          100e9948     LIBCMTD:winsig.obj
 0002:00047968       __sehtable$__mtinitlocknum 100e9968     LIBCMTD:mlock.obj
 0002:00047988       __sehtable$__VCrtDbgReportA 100e9988     LIBCMTD:dbgrptt.obj
 0002:000479b0       __sehtable$__VCrtDbgReportW 100e99b0     LIBCMTD:dbgrptt.obj
 0002:000479d8       __sehtable$?terminate@@YAXXZ 100e99d8     LIBCMTD:hooks.obj
 0002:000479f8       __sehtable$?_inconsistency@@YAXXZ 100e99f8     LIBCMTD:hooks.obj
 0002:00047a18       __sehtable$___FrameUnwindToState 100e9a18     LIBCMTD:frame.obj
 0002:00047a40       __sehtable$?CallCatchBlock@@YAPAXPAUEHExceptionRecord@@PAUEHRegistrationNode@@PAU_CONTEXT@@PBU_s_FuncInfo@@PAXHK@Z 100e9a40     LIBCMTD:frame.obj
 0002:00047a68       __sehtable$___BuildCatchObject 100e9a68     LIBCMTD:frame.obj
 0002:00047a88       __sehtable$___DestructExceptionObject 100e9a88     LIBCMTD:frame.obj
 0002:00047aa4       __catchsym$?CallUnexpected@@YAXPBU_s_ESTypeList@@@Z$2 100e9aa4     LIBCMTD:frame.obj
 0002:00047ab4       __unwindtable$?CallUnexpected@@YAXPBU_s_ESTypeList@@@Z 100e9ab4     LIBCMTD:frame.obj
 0002:00047ac4       __tryblocktable$?CallUnexpected@@YAXPBU_s_ESTypeList@@@Z 100e9ac4     LIBCMTD:frame.obj
 0002:00047ad8       __ehfuncinfo$?CallUnexpected@@YAXPBU_s_ESTypeList@@@Z 100e9ad8     LIBCMTD:frame.obj
 0002:00047b00       __sehtable$___BuildCatchObjectHelper 100e9b00     LIBCMTD:frame.obj
 0002:00047b70       __sehtable$__fcloseall     100e9b70     LIBCMTD:closeall.obj
 0002:00047b90       __sehtable$__alloc_osfhnd  100e9b90     LIBCMTD:osfinfo.obj
 0002:00047bb8       __sehtable$___lock_fhandle 100e9bb8     LIBCMTD:osfinfo.obj
 0002:00047bd8       __sehtable$__commit        100e9bd8     LIBCMTD:commit.obj
 0002:00047bf8       __sehtable$__write         100e9bf8     LIBCMTD:write.obj
 0002:00047c18       __sehtable$__IsNonwritableInCurrentImage 100e9c18     LIBCMTD:pesect.obj
 0002:00047c38       __sehtable$__sopen_helper  100e9c38     LIBCMTD:open.obj
 0002:00047c58       __sehtable$__onexit        100e9c58     LIBCMTD:onexit.obj
 0002:00047c74       __unwindtable$?x_ismbbtype_l@@YAHPAUlocaleinfo_struct@@IHH@Z 100e9c74     LIBCMTD:ismbbyte.obj
 0002:00047c7c       __ehfuncinfo$?x_ismbbtype_l@@YAHPAUlocaleinfo_struct@@IHH@Z 100e9c7c     LIBCMTD:ismbbyte.obj
 0002:00047ca0       __sehtable$??3@YAXPAX@Z    100e9ca0     LIBCMTD:dbgdel.obj
 0002:00047cc0       __sehtable$?_Type_info_dtor@type_info@@CAXPAV1@@Z 100e9cc0     LIBCMTD:typname.obj
 0002:00047ce0       .edata                     100e9ce0     unity_dll.exp
 0002:00047d08       rgpv                       100e9d08     unity_dll.exp
 0002:00047d34       rgszName                   100e9d34     unity_dll.exp
 0002:00047d60       rgwOrd                     100e9d60     unity_dll.exp
 0002:00047d76       szName                     100e9d76     unity_dll.exp
 0002:00047d92       $N00001                    100e9d92     unity_dll.exp
 0002:00047d9e       $N00002                    100e9d9e     unity_dll.exp
 0002:00047dab       $N00003                    100e9dab     unity_dll.exp
 0002:00047db4       $N00004                    100e9db4     unity_dll.exp
 0002:00047dbf       $N00005                    100e9dbf     unity_dll.exp
 0002:00047dd0       $N00006                    100e9dd0     unity_dll.exp
 0002:00047ddd       $N00007                    100e9ddd     unity_dll.exp
 0002:00047de8       $N00008                    100e9de8     unity_dll.exp
 0002:00047dfd       $N00009                    100e9dfd     unity_dll.exp
 0002:00047e15       $N00010                    100e9e15     unity_dll.exp
 0002:00047e26       $N00011                    100e9e26     unity_dll.exp
 0002:000481fe       .idata$6                   100ea1fe     user32:USER32.dll
 0002:0004823e       .idata$6                   100ea23e     gdi32:GDI32.dll
 0002:0004825c       .idata$6                   100ea25c     shell32:SHELL32.dll
 0002:0004846a       .idata$6                   100ea46a     opengl32:OPENGL32.dll
 0002:00048c4e       .idata$6                   100eac4e     kernel32:KERNEL32.dll
 0003:00000000       __zt_default_shaders_names 100eb000     unity_dll.obj
 0003:00000018       __zt_default_shaders       100eb018     unity_dll.obj
 0003:00000034       __zt_serial_header         100eb034     unity_dll.obj
 0003:00000048       __zt_guiDefaultTextureData 100eb048     unity_dll.obj
 0003:00001ae8       _stbi__l2h_gamma           100ecae8     unity_dll.obj
 0003:00001aec       _stbi__l2h_scale           100ecaec     unity_dll.obj
 0003:00001af0       _stbi__h2l_gamma_i         100ecaf0     unity_dll.obj
 0003:00001af4       _stbi__h2l_scale_i         100ecaf4     unity_dll.obj
 0003:00001af8       _stbi__zlength_base        100ecaf8     unity_dll.obj
 0003:00001b74       _stbi__depth_scale_table   100ecb74     unity_dll.obj
 0003:00001b80       _stbi__zlength_extra       100ecb80     unity_dll.obj
 0003:00001bfc       _stbi__stdio_callbacks     100ecbfc     unity_dll.obj
 0003:00001c08       _stbi__zdist_base          100ecc08     unity_dll.obj
 0003:00001c88       _stbi__zdist_extra         100ecc88     unity_dll.obj
 0003:00001d08       _stbi__bmask               100ecd08     unity_dll.obj
 0003:00001d4c       _first_row_filter          100ecd4c     unity_dll.obj
 0003:00001d58       _stbi__jpeg_dezigzag       100ecd58     unity_dll.obj
 0003:00001da8       ?rgb@?BC@??stbi__process_frame_header@@YAHPAUstbi__jpeg@@H@Z@4PAEA 100ecda8     unity_dll.obj
 0003:00001dac       ?length_dezigzag@?1??stbi__compute_huffman_codes@@YAHPAUstbi__zbuf@@@Z@4PAEA 100ecdac     unity_dll.obj
 0003:00001dc0       ?png_sig@?1??stbi__check_png_header@@YAHPAUstbi__context@@@Z@4PAEA 100ecdc0     unity_dll.obj
 0003:00001dc8       ?invalid_chunk@?JD@??stbi__parse_png_file@@YAHPAUstbi__png@@HH@Z@4PADA 100ecdc8     unity_dll.obj
 0003:00001df0       __assertstring             100ecdf0     LIBCMTD:wassert.obj
 0003:00001e40       _dotdotdot                 100ece40     LIBCMTD:wassert.obj
 0003:00001e44       _newline                   100ece44     LIBCMTD:wassert.obj
 0003:00001e48       _dblnewline                100ece48     LIBCMTD:wassert.obj
 0003:00001e64       ?isPackaged@?1??__crtIsPackagedApp@@9@9 100ece64     LIBCMTD:winapisupp.obj
 0003:00001e68       _dotdotdot                 100ece68     LIBCMTD:dbgrptw.obj
 0003:00001e78       __lRequestCurr             100ece78     LIBCMTD:dbgheap.obj
 0003:00001e7c       __bNoMansLandFill          100ece7c     LIBCMTD:dbgheap.obj
 0003:00001e7d       __bAlignLandFill           100ece7d     LIBCMTD:dbgheap.obj
 0003:00001e7e       __bDeadLandFill            100ece7e     LIBCMTD:dbgheap.obj
 0003:00001e7f       __bCleanLandFill           100ece7f     LIBCMTD:dbgheap.obj
 0003:00001e80       _errtable                  100ece80     LIBCMTD:dosmap.obj
 0003:00001fe8       _ErrnoNoMem                100ecfe8     LIBCMTD:dosmap.obj
 0003:00001fec       _DoserrorNoMem             100ecfec     LIBCMTD:dosmap.obj
 0003:00002420       ___rgctypeflag             100ed420     LIBCMTD:mbctype.obj
 0003:00002428       ___rgcode_page_info        100ed428     LIBCMTD:mbctype.obj
 0003:00002758       __ctype_loc_style          100ed758     LIBCMTD:wsetloca.obj
 0003:00002b50       ?_names@?1??_get_fname@@9@9 100edb50     LIBCMTD:fpexcept.obj
 0003:00002c38       _over                      100edc38     LIBCMTD:fpctrl.obj
 0003:00002c44       _under                     100edc44     LIBCMTD:fpctrl.obj
 0003:00002c50       ?__DAZ_ENABLED@?1??__set_fpsr_sse2@@9@9 100edc50     LIBCMTD:fpctrl.obj
 0003:00002c68       _tzstd                     100edc68     LIBCMTD:timeset.obj
 0003:00002ca8       _tzdst                     100edca8     LIBCMTD:timeset.obj
 0003:00002cf0       _dststart                  100edcf0     LIBCMTD:tzset.obj
 0003:00002cfc       _dstend                    100edcfc     LIBCMTD:tzset.obj
 0003:00002d30       _NAME_                     100edd30     LIBCMTD:acos.obj
 0003:00002d40       _NAME_                     100edd40     LIBCMTD:asin.obj
 0003:00002d50       _NAME_                     100edd50     LIBCMTD:cos.obj
 0003:00002d68       POW_name                   100edd68     LIBCMTD:pow.obj
 0003:00002d70       _NAME_                     100edd70     LIBCMTD:sin.obj
 0003:00002d80       _NAME_                     100edd80     LIBCMTD:sqrt.obj
 0003:00002d90       _NAME_                     100edd90     LIBCMTD:tan.obj
 0003:00002d98       _newcw                     100edd98     LIBCMTD:ceil.obj
 0003:00002d9c       _newcw                     100edd9c     LIBCMTD:floor.obj
 0003:00002dc8       __locktable                100eddc8     LIBCMTD:mlock.obj
 0003:00002f04       _dotdotdot                 100edf04     LIBCMTD:dbgrpt.obj
 0003:00002f08       _DoubleFormat              100edf08     LIBCMTD:intrncvt.obj
 0003:00002f20       _FloatFormat               100edf20     LIBCMTD:intrncvt.obj
 0003:00003340       _stbi__unpremultiply_on_load 100ee340     unity_dll.obj
 0003:00003344       _stbi__de_iphone_flag      100ee344     unity_dll.obj
 0003:00003348       _stbi__vertically_flip_on_load 100ee348     unity_dll.obj
 0003:0000334c       _byte_idx                  100ee34c     unity_dll.obj
 0003:00003420       __zt_function_count        100ee420     unity_dll.obj
 0003:00003744       __zt_guiWindowRender_FunctionID 100ee744     unity_dll.obj
 0003:000037a4       __zt_guiComboBoxRender_FunctionID 100ee7a4     unity_dll.obj
 0003:000037a8       __zt_function_pointers     100ee7a8     unity_dll.obj
 0003:00003ba8       __zt_function_hashes       100eeba8     unity_dll.obj
 0003:00003fa8       _stbi__g_failure_reason    100eefa8     unity_dll.obj
 0003:00003fb0       _stbi__zdefault_length     100eefb0     unity_dll.obj
 0003:000040d0       _stbi__zdefault_distance   100ef0d0     unity_dll.obj
 0003:000040f0       ?large_integer@?2??zt_getTime@@YANXZ@4T_LARGE_INTEGER@@A 100ef0f0     unity_dll.obj
 0003:000040f8       ?seconds_per_count@?2??zt_getTime@@YANXZ@4NA 100ef0f8     unity_dll.obj
 0003:00004100       ?start_time@?2??zt_getTime@@YANXZ@4T_LARGE_INTEGER@@A 100ef100     unity_dll.obj
 0003:00004108       ?local@?2??zt_getTime@@YANXZ@4Ulocal_init@?1??1@YANXZ@A 100ef108     unity_dll.obj
 0003:0000410c       ?$S1@?2??zt_getTime@@YANXZ@4IA 100ef10c     unity_dll.obj
 0003:00004110       ?buffer@?KA@??zt_renderDrawLists@@YAXPAUztCamera@@PAPAUztDrawList@@HABUztVec4@@HH@Z@4UztBuffer@?JK@??1@YAX01H2HH@Z@A 100ef110     unity_dll.obj
 0003:00124114       ?$S2@?KA@??zt_renderDrawLists@@YAXPAUztCamera@@PAPAUztDrawList@@HABUztVec4@@HH@Z@4IA 1020f114     unity_dll.obj
 0003:00124118       ?diffuse_tex_hash@?4??zt_modelMake@@YAPAUztModel@@PAUztMemoryArena@@HPAUztMaterial@@HPAUztShaderVariableValues@@HPAU2@@Z@4IA 1020f118     unity_dll.obj
 0003:0012411c       ?$S3@?4??zt_modelMake@@YAPAUztModel@@PAUztMemoryArena@@HPAUztMaterial@@HPAUztShaderVariableValues@@HPAU2@@Z@4IA 1020f11c     unity_dll.obj
 0003:00124120       ?specular_tex_hash@?4??zt_modelMake@@YAPAUztModel@@PAUztMemoryArena@@HPAUztMaterial@@HPAUztShaderVariableValues@@HPAU2@@Z@4IA 1020f120     unity_dll.obj
 0003:00124124       ?normal_tex_hash@?4??zt_modelMake@@YAPAUztModel@@PAUztMemoryArena@@HPAUztMaterial@@HPAUztShaderVariableValues@@HPAU2@@Z@4IA 1020f124     unity_dll.obj
 0003:00124128       ?light_matrix_hash@?5??zt_sceneLighting@@YAXPAUztScene@@PAUztCamera@@@Z@4IA 1020f128     unity_dll.obj
 0003:0012412c       ?$S4@?5??zt_sceneLighting@@YAXPAUztScene@@PAUztCamera@@@Z@4IA 1020f12c     unity_dll.obj
 0003:00124130       ?skybox_hash@?L@??zt_sceneRender@@YAXPAUztScene@@PAUztCamera@@@Z@4IA 1020f130     unity_dll.obj
 0003:00124134       ?$S5@?L@??zt_sceneRender@@YAXPAUztScene@@PAUztCamera@@@Z@4IA 1020f134     unity_dll.obj
 0003:00124138       ?light_matrix_hash@?BD@??renderModelAndChildren@local@?1??zt_sceneRender@@YAXPAUztScene@@PAUztCamera@@@Z@SAX0PAUModelInfo@4@PAUztModel@@1PAUztMat4@@PAH@Z@4IA 1020f138     unity_dll.obj
 0003:0012413c       ?$S6@?BD@??renderModelAndChildren@local@?1??zt_sceneRender@@YAXPAUztScene@@PAUztCamera@@@Z@SAX0PAUModelInfo@4@PAUztModel@@1PAUztMat4@@PAH@Z@4IA 1020f13c     unity_dll.obj
 0003:00124140       ?light_pos_hash@?BD@??renderModelAndChildren@local@?1??zt_sceneRender@@YAXPAUztScene@@PAUztCamera@@@Z@SAX0PAUModelInfo@4@PAUztModel@@1PAUztMat4@@PAH@Z@4IA 1020f140     unity_dll.obj
 0003:00124144       ?light_ambient_hash@?BD@??renderModelAndChildren@local@?1??zt_sceneRender@@YAXPAUztScene@@PAUztCamera@@@Z@SAX0PAUModelInfo@4@PAUztModel@@1PAUztMat4@@PAH@Z@4IA 1020f144     unity_dll.obj
 0003:00124148       ?light_intensity_hash@?BD@??renderModelAndChildren@local@?1??zt_sceneRender@@YAXPAUztScene@@PAUztCamera@@@Z@SAX0PAUModelInfo@4@PAUztModel@@1PAUztMat4@@PAH@Z@4IA 1020f148     unity_dll.obj
 0003:0012414c       ?light_color_hash@?BD@??renderModelAndChildren@local@?1??zt_sceneRender@@YAXPAUztScene@@PAUztCamera@@@Z@SAX0PAUModelInfo@4@PAUztModel@@1PAUztMat4@@PAH@Z@4IA 1020f14c     unity_dll.obj
 0003:00124150       ?view_pos_hash@?BD@??renderModelAndChildren@local@?1??zt_sceneRender@@YAXPAUztScene@@PAUztCamera@@@Z@SAX0PAUModelInfo@4@PAUztModel@@1PAUztMat4@@PAH@Z@4IA 1020f150     unity_dll.obj
 0003:00124154       ?point_lights_ambient_color_hash@?BD@??renderModelAndChildren@local@?1??zt_sceneRender@@YAXPAUztScene@@PAUztCamera@@@Z@SAX0PAUModelInfo@4@PAUztModel@@1PAUztMat4@@PAH@Z@4PAIA 1020f154     unity_dll.obj
 0003:00124164       ?point_lights_intensity_hash@?BD@??renderModelAndChildren@local@?1??zt_sceneRender@@YAXPAUztScene@@PAUztCamera@@@Z@SAX0PAUModelInfo@4@PAUztModel@@1PAUztMat4@@PAH@Z@4PAIA 1020f164     unity_dll.obj
 0003:00124174       ?point_lights_pos_hash@?BD@??renderModelAndChildren@local@?1??zt_sceneRender@@YAXPAUztScene@@PAUztCamera@@@Z@SAX0PAUModelInfo@4@PAUztModel@@1PAUztMat4@@PAH@Z@4PAIA 1020f174     unity_dll.obj
 0003:00124184       ?point_lights_count_hash@?BL@??renderModelAndChildren@local@?1??zt_sceneRender@@YAXPAUztScene@@PAUztCamera@@@Z@SAX0PAUModelInfo@4@PAUztModel@@1PAUztMat4@@PAH@Z@4IA 1020f184     unity_dll.obj
 0003:00124188       ?shadowmap_directional_tex_hash@?CF@??renderModelAndChildren@local@?1??zt_sceneRender@@YAXPAUztScene@@PAUztCamera@@@Z@SAX0PAUModelInfo@4@PAUztModel@@1PAUztMat4@@PAH@Z@4IA 1020f188     unity_dll.obj
 0003:0012418c       ?view_hash@?1??zt_shaderSetCameraMatrices@@YAXHABUztMat4@@0@Z@4IA 1020f18c     unity_dll.obj
 0003:00124190       ?$S7@?1??zt_shaderSetCameraMatrices@@YAXHABUztMat4@@0@Z@4IA 1020f190     unity_dll.obj
 0003:00124194       ?projection_hash@?1??zt_shaderSetCameraMatrices@@YAXHABUztMat4@@0@Z@4IA 1020f194     unity_dll.obj
 0003:00124198       ?model_hash@?1??zt_shaderSetModelMatrices@@YAXHABUztMat4@@@Z@4IA 1020f198     unity_dll.obj
 0003:0012419c       ?$S8@?1??zt_shaderSetModelMatrices@@YAXHABUztMat4@@@Z@4IA 1020f19c     unity_dll.obj
 0003:001241a0       ?nml@?1??zt_drawListAddSprite@@YAXPAUztDrawList@@PAUztSprite@@ABUztVec3@@@Z@4PAU4@A 1020f1a0     unity_dll.obj
 0003:001241d0       ?$S9@?1??zt_drawListAddSprite@@YAXPAUztDrawList@@PAUztSprite@@ABUztVec3@@@Z@4IA 1020f1d0     unity_dll.obj
 0003:001241d4       ?nml@?1??zt_drawListAddSprite@@YAXPAUztDrawList@@PAUztSprite@@ABUztVec3@@22@Z@4PAU4@A 1020f1d4     unity_dll.obj
 0003:00124204       ?$S10@?1??zt_drawListAddSprite@@YAXPAUztDrawList@@PAUztSprite@@ABUztVec3@@22@Z@4IA 1020f204     unity_dll.obj
 0003:00124208       ?diffuse_tex_hash@?4??zt_materialPrepare@@YAXPAUztMaterial@@HPAHPAIH@Z@4IA 1020f208     unity_dll.obj
 0003:0012420c       ?$S11@?4??zt_materialPrepare@@YAXPAUztMaterial@@HPAHPAIH@Z@4IA 1020f20c     unity_dll.obj
 0003:00124210       ?specular_tex_hash@?4??zt_materialPrepare@@YAXPAUztMaterial@@HPAHPAIH@Z@4IA 1020f210     unity_dll.obj
 0003:00124214       ?normal_tex_hash@?4??zt_materialPrepare@@YAXPAUztMaterial@@HPAHPAIH@Z@4IA 1020f214     unity_dll.obj
 0003:00124218       ?diffuse_color_hash@?P@??zt_materialPrepare@@YAXPAUztMaterial@@HPAHPAIH@Z@4IA 1020f218     unity_dll.obj
 0003:0012421c       ?specular_color_hash@?P@??zt_materialPrepare@@YAXPAUztMaterial@@HPAHPAIH@Z@4IA 1020f21c     unity_dll.obj
 0003:00124220       ?shininess_hash@?P@??zt_materialPrepare@@YAXPAUztMaterial@@HPAHPAIH@Z@4IA 1020f220     unity_dll.obj
 0003:00124228       ?buffer@?FK@??parseReal@local@?FI@??zt_meshLoadOBJ@@YAHPAUztAssetManager@@HPAHPAUztMaterial@@HABUztVec3@@3@Z@SAMPBDAAUztToken@@@Z@4PADA 1020f228     unity_dll.obj
 0003:001242a8       ?buffer@?FK@??parseInt@local@?FI@??zt_meshLoadOBJ@@YAHPAUztAssetManager@@HPAHPAUztMaterial@@HABUztVec3@@3@Z@SAHPBDAAUztToken@@@Z@4PADA 1020f2a8     unity_dll.obj
 0003:00124328       _GS_ExceptionRecord        1020f328     LIBCMTD:gs_report.obj
 0003:00124378       _GS_ContextRecord          1020f378     LIBCMTD:gs_report.obj
 0003:00124644       _DebuggerWasPresent        1020f644     LIBCMTD:gs_report.obj
 0003:0012464c       ___proc_attached           1020f64c     LIBCMTD:dllcrt0.obj
 0003:00124660       _check_frequency           1020f660     LIBCMTD:dbgheap.obj
 0003:00124668       _check_counter             1020f668     LIBCMTD:dbgheap.obj
 0003:0012466c       __lTotalAlloc              1020f66c     LIBCMTD:dbgheap.obj
 0003:00124670       __lCurAlloc                1020f670     LIBCMTD:dbgheap.obj
 0003:00124674       __lMaxAlloc                1020f674     LIBCMTD:dbgheap.obj
 0003:00124678       __pFirstBlock              1020f678     LIBCMTD:dbgheap.obj
 0003:0012467c       __pLastBlock               1020f67c     LIBCMTD:dbgheap.obj
 0003:00124698       _fSystemSet                1020f698     LIBCMTD:mbctype.obj
 0003:001247a8       _lastTZ                    1020f7a8     LIBCMTD:tzset.obj
 0003:001247ac       ?first_time@?1??__tzset@@9@9 1020f7ac     LIBCMTD:tzset.obj
 0003:001247b0       _tzapiused                 1020f7b0     LIBCMTD:tzset.obj
 0003:001247b8       _tzinfo                    1020f7b8     LIBCMTD:tzset.obj
 0003:0012489c       _ctrlc_action              1020f89c     LIBCMTD:winsig.obj
 0003:001248a0       _ctrlbreak_action          1020f8a0     LIBCMTD:winsig.obj
 0003:001248a4       _abort_action              1020f8a4     LIBCMTD:winsig.obj
 0003:001248a8       _term_action               1020f8a8     LIBCMTD:winsig.obj
 0003:001248ac       _ConsoleCtrlHandler_Installed 1020f8ac     LIBCMTD:winsig.obj
 0003:001248b0       ?pfnGetLastActivePopup@?1??__crtMessageBoxW@@9@9 1020f8b0     LIBCMTD:crtmboxw.obj
 0003:001248b4       ?pfnGetProcessWindowStation@?1??__crtMessageBoxW@@9@9 1020f8b4     LIBCMTD:crtmboxw.obj
 0003:001248b8       ?pfnGetUserObjectInformation@?1??__crtMessageBoxW@@9@9 1020f8b8     LIBCMTD:crtmboxw.obj
 0003:001248bc       ?pfnMessageBox@?1??__crtMessageBoxW@@9@9 1020f8bc     LIBCMTD:crtmboxw.obj
 0003:001248c0       ?pfnGetActiveWindow@?1??__crtMessageBoxW@@9@9 1020f8c0     LIBCMTD:crtmboxw.obj
 0003:001248d0       ?outmsg@?M@??_NMSG_WRITE@@9@9 1020f8d0     LIBCMTD:crt0msg.obj
 0003:00124f00       __pmatherr_set             1020ff00     LIBCMTD:libm_error.obj
 0003:00124f08       ?_pgmname@?1??_setargv@@9@9 1020ff08     LIBCMTD:stdargv.obj
 0003:00125010       _lclcritsects              10210010     LIBCMTD:mlock.obj
 0003:0012518c       ___crtCallProc             1021018c     LIBCMTD:winapinls.obj
 0003:00125194       ___enable_percent_n        10210194     LIBCMTD:printf.obj
 0003:0012519c       _g_pfnRtlGenRandom         1021019c     LIBCMTD:rand_s.obj
 0003:001251ac       ___type_info_root_node     102101ac     LIBCMTD:typname.obj
 0003:001251dc       _heap                      102101dc     LIBCMTD:undname.obj
